Component: ARM Compiler 5.06 update 6 (build 750) Tool: armlink [4d35ed]

==============================================================================

Section Cross References

    startup_stm32h743xx.o(RESET) refers to startup_stm32h743xx.o(STACK) for __initial_sp
    startup_stm32h743xx.o(RESET) refers to startup_stm32h743xx.o(.text) for Reset_Handler
    startup_stm32h743xx.o(RESET) refers to stm32h7xx_it.o(i.NMI_Handler) for NMI_Handler
    startup_stm32h743xx.o(RESET) refers to stm32h7xx_it.o(i.HardFault_Handler) for HardFault_Handler
    startup_stm32h743xx.o(RESET) refers to stm32h7xx_it.o(i.MemManage_Handler) for MemManage_Handler
    startup_stm32h743xx.o(RESET) refers to stm32h7xx_it.o(i.BusFault_Handler) for BusFault_Handler
    startup_stm32h743xx.o(RESET) refers to stm32h7xx_it.o(i.UsageFault_Handler) for UsageFault_Handler
    startup_stm32h743xx.o(RESET) refers to port.o(.emb_text) for SVC_Handler
    startup_stm32h743xx.o(RESET) refers to stm32h7xx_it.o(i.DebugMon_Handler) for DebugMon_Handler
    startup_stm32h743xx.o(RESET) refers to port.o(i.SysTick_Handler) for SysTick_Handler
    startup_stm32h743xx.o(RESET) refers to stm32h7xx_it.o(i.TIM1_UP_IRQHandler) for TIM1_UP_IRQHandler
    startup_stm32h743xx.o(.text) refers to system_stm32h7xx.o(i.SystemInit) for SystemInit
    startup_stm32h743xx.o(.text) refers to entry.o(.ARM.Collect$$$$00000000) for __main
    nrf24l01.o(i.NRF24L01_RX_Check) refers to nrf24l01.o(i.NRF24L01_RX_Write_Buf) for NRF24L01_RX_Write_Buf
    nrf24l01.o(i.NRF24L01_RX_Check) refers to nrf24l01.o(i.NRF24L01_RX_Read_Buf) for NRF24L01_RX_Read_Buf
    nrf24l01.o(i.NRF24L01_RX_Init) refers to stm32h7xx_hal_gpio.o(i.HAL_GPIO_WritePin) for HAL_GPIO_WritePin
    nrf24l01.o(i.NRF24L01_RX_Read_Buf) refers to stm32h7xx_hal_gpio.o(i.HAL_GPIO_WritePin) for HAL_GPIO_WritePin
    nrf24l01.o(i.NRF24L01_RX_Read_Buf) refers to stm32h7xx_hal_spi.o(i.HAL_SPI_Transmit) for HAL_SPI_Transmit
    nrf24l01.o(i.NRF24L01_RX_Read_Buf) refers to stm32h7xx_hal_spi.o(i.HAL_SPI_Receive) for HAL_SPI_Receive
    nrf24l01.o(i.NRF24L01_RX_Read_Buf) refers to spi.o(.bss) for hspi5
    nrf24l01.o(i.NRF24L01_RX_Read_Reg) refers to stm32h7xx_hal_gpio.o(i.HAL_GPIO_WritePin) for HAL_GPIO_WritePin
    nrf24l01.o(i.NRF24L01_RX_Read_Reg) refers to stm32h7xx_hal_spi.o(i.HAL_SPI_TransmitReceive) for HAL_SPI_TransmitReceive
    nrf24l01.o(i.NRF24L01_RX_Read_Reg) refers to stm32h7xx_hal_spi.o(i.HAL_SPI_Receive) for HAL_SPI_Receive
    nrf24l01.o(i.NRF24L01_RX_Read_Reg) refers to spi.o(.bss) for hspi5
    nrf24l01.o(i.NRF24L01_RX_Write_Buf) refers to stm32h7xx_hal_gpio.o(i.HAL_GPIO_WritePin) for HAL_GPIO_WritePin
    nrf24l01.o(i.NRF24L01_RX_Write_Buf) refers to stm32h7xx_hal_spi.o(i.HAL_SPI_TransmitReceive) for HAL_SPI_TransmitReceive
    nrf24l01.o(i.NRF24L01_RX_Write_Buf) refers to stm32h7xx_hal_spi.o(i.HAL_SPI_Transmit) for HAL_SPI_Transmit
    nrf24l01.o(i.NRF24L01_RX_Write_Buf) refers to spi.o(.bss) for hspi5
    nrf24l01.o(i.NRF24L01_RX_Write_Reg) refers to stm32h7xx_hal_gpio.o(i.HAL_GPIO_WritePin) for HAL_GPIO_WritePin
    nrf24l01.o(i.NRF24L01_RX_Write_Reg) refers to stm32h7xx_hal_spi.o(i.HAL_SPI_TransmitReceive) for HAL_SPI_TransmitReceive
    nrf24l01.o(i.NRF24L01_RX_Write_Reg) refers to stm32h7xx_hal_spi.o(i.HAL_SPI_Transmit) for HAL_SPI_Transmit
    nrf24l01.o(i.NRF24L01_RX_Write_Reg) refers to spi.o(.bss) for hspi5
    nrf24l01.o(i.NRF24L01_RxPacket) refers to nrf24l01.o(i.NRF24L01_RX_Read_Reg) for NRF24L01_RX_Read_Reg
    nrf24l01.o(i.NRF24L01_RxPacket) refers to nrf24l01.o(i.NRF24L01_RX_Write_Reg) for NRF24L01_RX_Write_Reg
    nrf24l01.o(i.NRF24L01_RxPacket) refers to nrf24l01.o(i.NRF24L01_RX_Read_Buf) for NRF24L01_RX_Read_Buf
    nrf24l01.o(i.NRF24L01_TX_Check) refers to nrf24l01.o(i.NRF24L01_TX_Write_Buf) for NRF24L01_TX_Write_Buf
    nrf24l01.o(i.NRF24L01_TX_Check) refers to nrf24l01.o(i.NRF24L01_TX_Read_Buf) for NRF24L01_TX_Read_Buf
    nrf24l01.o(i.NRF24L01_TX_Init) refers to stm32h7xx_hal_gpio.o(i.HAL_GPIO_WritePin) for HAL_GPIO_WritePin
    nrf24l01.o(i.NRF24L01_TX_Read_Buf) refers to stm32h7xx_hal_gpio.o(i.HAL_GPIO_WritePin) for HAL_GPIO_WritePin
    nrf24l01.o(i.NRF24L01_TX_Read_Buf) refers to stm32h7xx_hal_spi.o(i.HAL_SPI_Transmit) for HAL_SPI_Transmit
    nrf24l01.o(i.NRF24L01_TX_Read_Buf) refers to stm32h7xx_hal_spi.o(i.HAL_SPI_Receive) for HAL_SPI_Receive
    nrf24l01.o(i.NRF24L01_TX_Read_Buf) refers to spi.o(.bss) for hspi4
    nrf24l01.o(i.NRF24L01_TX_Read_Reg) refers to stm32h7xx_hal_gpio.o(i.HAL_GPIO_WritePin) for HAL_GPIO_WritePin
    nrf24l01.o(i.NRF24L01_TX_Read_Reg) refers to stm32h7xx_hal_spi.o(i.HAL_SPI_TransmitReceive) for HAL_SPI_TransmitReceive
    nrf24l01.o(i.NRF24L01_TX_Read_Reg) refers to stm32h7xx_hal_spi.o(i.HAL_SPI_Receive) for HAL_SPI_Receive
    nrf24l01.o(i.NRF24L01_TX_Read_Reg) refers to spi.o(.bss) for hspi4
    nrf24l01.o(i.NRF24L01_TX_Write_Buf) refers to stm32h7xx_hal_gpio.o(i.HAL_GPIO_WritePin) for HAL_GPIO_WritePin
[...]
    i.InitSocketParam                        0x08003708   Section        0  ch395.o(i.InitSocketParam)
    i.IpTrans                                0x08003750   Section        0  ch395.o(i.IpTrans)
    i.MX_FREERTOS_Init                       0x08003848   Section        0  freertos.o(i.MX_FREERTOS_Init)
    i.MX_GPIO_Init                           0x0800389c   Section        0  gpio.o(i.MX_GPIO_Init)
    i.MX_I2C1_Init                           0x08003ab8   Section        0  i2c.o(i.MX_I2C1_Init)
    i.MX_SPI4_Init                           0x08003b10   Section        0  spi.o(i.MX_SPI4_Init)
    i.MX_SPI5_Init                           0x08003b6c   Section        0  spi.o(i.MX_SPI5_Init)
    i.MX_TIM7_Init                           0x08003bc8   Section        0  tim.o(i.MX_TIM7_Init)
    i.MX_USART3_UART_Init                    0x08003c0c   Section        0  usart.o(i.MX_USART3_UART_Init)
    i.MX_USB_OTG_FS_PCD_Init                 0x08003c74   Section        0  usb_otg.o(i.MX_USB_OTG_FS_PCD_Init)
    i.MemManage_Handler                      0x08003cb4   Section        0  stm32h7xx_it.o(i.MemManage_Handler)
    i.NMI_Handler                            0x08003cb6   Section        0  stm32h7xx_it.o(i.NMI_Handler)
    i.NRF24L01_RX_Check                      0x08003cb8   Section        0  nrf24l01.o(i.NRF24L01_RX_Check)
    i.NRF24L01_RX_Read_Buf                   0x08003d00   Section        0  nrf24l01.o(i.NRF24L01_RX_Read_Buf)
    i.NRF24L01_RX_Read_Reg                   0x08003d44   Section        0  nrf24l01.o(i.NRF24L01_RX_Read_Reg)
    i.NRF24L01_RX_Write_Buf                  0x08003d90   Section        0  nrf24l01.o(i.NRF24L01_RX_Write_Buf)
    i.NRF24L01_RX_Write_Reg                  0x08003de0   Section        0  nrf24l01.o(i.NRF24L01_RX_Write_Reg)
    i.NRF24L01_RxPacket                      0x08003e2c   Section        0  nrf24l01.o(i.NRF24L01_RxPacket)
    i.NRF24L01_TX_Check                      0x08003e60   Section        0  nrf24l01.o(i.NRF24L01_TX_Check)
    i.NRF24L01_TX_Read_Buf                   0x08003ea8   Section        0  nrf24l01.o(i.NRF24L01_TX_Read_Buf)
    i.NRF24L01_TX_Write_Buf                  0x08003eec   Section        0  nrf24l01.o(i.NRF24L01_TX_Write_Buf)
    i.NRF24L01_TX_Write_Reg                  0x08003f3c   Section        0  nrf24l01.o(i.NRF24L01_TX_Write_Reg)
    i.NRF24L01_TxPacket                      0x08003f88   Section        0  nrf24l01.o(i.NRF24L01_TxPacket)
    i.OLED_CLS                               0x08003fb8   Section        0  oled.o(i.OLED_CLS)
    i.OLED_Fill                              0x08003fc0   Section        0  oled.o(i.OLED_Fill)
    i.OLED_Init                              0x08003ff8   Section        0  oled.o(i.OLED_Init)
    i.OLED_ON                                0x080040ac   Section        0  oled.o(i.OLED_ON)
    i.OLED_SetPos                            0x080040c4   Section        0  oled.o(i.OLED_SetPos)
    i.OLED_ShowStr                           0x080040ec   Section        0  oled.o(i.OLED_ShowStr)
    i.ParaIn                                 0x080041c4   Section        0  ch395.o(i.ParaIn)
    i.RCCEx_PLL2_Config                      0x080041d0   Section        0  stm32h7xx_hal_rcc_ex.o(i.RCCEx_PLL2_Config)
    RCCEx_PLL2_Config                        0x080041d1   Thumb Code   284  stm32h7xx_hal_rcc_ex.o(i.RCCEx_PLL2_Config)
    i.RCCEx_PLL3_Config                      0x080042f0   Section        0  stm32h7xx_hal_rcc_ex.o(i.RCCEx_PLL3_Config)
    RCCEx_PLL3_Config                        0x080042f1   Thumb Code   284  stm32h7xx_hal_rcc_ex.o(i.RCCEx_PLL3_Config)
    i.RX_Mode                                0x08004410   Section        0  nrf24l01.o(i.RX_Mode)
    i.RX_Task                                0x08004488   Section        0  freertos.o(i.RX_Task)
    i.SPI_CloseTransfer                      0x080044d0   Section        0  stm32h7xx_hal_spi.o(i.SPI_CloseTransfer)
    SPI_CloseTransfer                        0x080044d1   Thumb Code   188  stm32h7xx_hal_spi.o(i.SPI_CloseTransfer)
    i.SPI_WaitOnFlagUntilTimeout             0x0800458c   Section        0  stm32h7xx_hal_spi.o(i.SPI_WaitOnFlagUntilTimeout)
    SPI_WaitOnFlagUntilTimeout               0x0800458d   Thumb Code    66  stm32h7xx_hal_spi.o(i.SPI_WaitOnFlagUntilTimeout)
    i.Set_Input                              0x080045d0   Section        0  gpio.o(i.Set_Input)
    i.Set_Output                             0x080045fc   Section        0  gpio.o(i.Set_Output)
    i.StartDefaultTask                       0x08004628   Section        0  freertos.o(i.StartDefaultTask)
    i.SysTick_Handler                        0x08004664   Section        0  port.o(i.SysTick_Handler)
    i.SystemClock_Config                     0x08004690   Section        0  main.o(i.SystemClock_Config)
    i.SystemInit                             0x08004750   Section        0  system_stm32h7xx.o(i.SystemInit)
    i.TIM1_UP_IRQHandler                     0x080047ec   Section        0  stm32h7xx_it.o(i.TIM1_UP_IRQHandler)
    i.TIM_Base_SetConfig                     0x080047f8   Section        0  stm32h7xx_hal_tim.o(i.TIM_Base_SetConfig)
    i.TX_Mode                                0x080048bc   Section        0  nrf24l01.o(i.TX_Mode)
    i.UARTEx_SetNbDataToProcess              0x08004948   Section        0  stm32h7xx_hal_uart_ex.o(i.UARTEx_SetNbDataToProcess)
    UARTEx_SetNbDataToProcess                0x08004949   Thumb Code    82  stm32h7xx_hal_uart_ex.o(i.UARTEx_SetNbDataToProcess)
    i.UART_AdvFeatureConfig                  0x080049ac   Section        0  stm32h7xx_hal_uart.o(i.UART_AdvFeatureConfig)
    i.UART_CheckIdleState                    0x08004a74   Section        0  stm32h7xx_hal_uart.o(i.UART_CheckIdleState)
    i.UART_SetConfig                         0x08004ad4   Section        0  stm32h7xx_hal_uart.o(i.UART_SetConfig)
    i.UART_WaitOnFlagUntilTimeout            0x080056e4   Section        0  stm32h7xx_hal_uart.o(i.UART_WaitOnFlagUntilTimeout)
    i.UDP_REV_Task                           0x08005788   Section        0  freertos.o(i.UDP_REV_Task)
    i.USB_CoreInit                           0x080057a8   Section        0  stm32h7xx_ll_usb.o(i.USB_CoreInit)
    i.USB_CoreReset                          0x08005820   Section        0  stm32h7xx_ll_usb.o(i.USB_CoreReset)
    USB_CoreReset                            0x08005821   Thumb Code    50  stm32h7xx_ll_usb.o(i.USB_CoreReset)
    i.USB_DevDisconnect                      0x08005858   Section        0  stm32h7xx_ll_usb.o(i.USB_DevDisconnect)
    i.USB_DevInit                            0x08005870   Section        0  stm32h7xx_ll_usb.o(i.USB_DevInit)
    i.USB_DisableGlobalInt                   0x080059f8   Section        0  stm32h7xx_ll_usb.o(i.USB_DisableGlobalInt)
    i.USB_FlushRxFifo                        0x08005a04   Section        0  stm32h7xx_ll_usb.o(i.USB_FlushRxFifo)
    i.USB_FlushTxFifo                        0x08005a24   Section        0  stm32h7xx_ll_usb.o(i.USB_FlushTxFifo)
    i.USB_SetCurrentMode                     0x08005a48   Section        0  stm32h7xx_ll_usb.o(i.USB_SetCurrentMode)
    i.UsageFault_Handler                     0x08005a76   Section        0  stm32h7xx_it.o(i.UsageFault_Handler)
    i.WriteCmd                               0x08005a78   Section        0  oled.o(i.WriteCmd)
    i.WriteDat                               0x08005a9c   Section        0  oled.o(i.WriteDat)
    i.__NVIC_SetPriority                     0x08005ac0   Section        0  stm32h7xx_hal_cortex.o(i.__NVIC_SetPriority)
    __NVIC_SetPriority                       0x08005ac1   Thumb Code    34  stm32h7xx_hal_cortex.o(i.__NVIC_SetPriority)
    i.__scatterload_copy                     0x08005ae2   Section       14  handlers.o(i.__scatterload_copy)
    i.__scatterload_null                     0x08005af0   Section        2  handlers.o(i.__scatterload_null)
    i.__scatterload_zeroinit                 0x08005af2   Section       14  handlers.o(i.__scatterload_zeroinit)
    i.delay_us                               0x08005b00   Section        0  main.o(i.delay_us)
    i.mStopIfError                           0x08005b30   Section        0  ch395.o(i.mStopIfError)
    i.main                                   0x08005b54   Section        0  main.o(i.main)
    i.makeFreeRtosPriority                   0x08005c28   Section        0  cmsis_os.o(i.makeFreeRtosPriority)
    makeFreeRtosPriority                     0x08005c29   Thumb Code    14  cmsis_os.o(i.makeFreeRtosPriority)
    i.osDelay                                0x08005c36   Section        0  cmsis_os.o(i.osDelay)
    i.osKernelStart                          0x08005c44   Section        0  cmsis_os.o(i.osKernelStart)
    i.osThreadCreate                         0x08005c4e   Section        0  cmsis_os.o(i.osThreadCreate)
    i.prvAddCurrentTaskToDelayedList         0x08005c7c   Section        0  tasks.o(i.prvAddCurrentTaskToDelayedList)
    prvAddCurrentTaskToDelayedList           0x08005c7d   Thumb Code   102  tasks.o(i.prvAddCurrentTaskToDelayedList)
    i.prvAddNewTaskToReadyList               0x08005cec   Section        0  tasks.o(i.prvAddNewTaskToReadyList)
    prvAddNewTaskToReadyList                 0x08005ced   Thumb Code   194  tasks.o(i.prvAddNewTaskToReadyList)
    i.prvDeleteTCB                           0x08005dbc   Section        0  tasks.o(i.prvDeleteTCB)
    prvDeleteTCB                             0x08005dbd   Thumb Code    20  tasks.o(i.prvDeleteTCB)
    i.prvHeapInit                            0x08005dd0   Section        0  heap_4.o(i.prvHeapInit)
    prvHeapInit                              0x08005dd1   Thumb Code    70  heap_4.o(i.prvHeapInit)
    i.prvIdleTask                            0x08005e20   Section        0  tasks.o(i.prvIdleTask)
    prvIdleTask                              0x08005e21   Thumb Code    82  tasks.o(i.prvIdleTask)
    i.prvInitialiseNewTask                   0x08005e80   Section        0  tasks.o(i.prvInitialiseNewTask)
    prvInitialiseNewTask                     0x08005e81   Thumb Code   142  tasks.o(i.prvInitialiseNewTask)
    i.prvInsertBlockIntoFreeList             0x08005f10   Section        0  heap_4.o(i.prvInsertBlockIntoFreeList)
    prvInsertBlockIntoFreeList               0x08005f11   Thumb Code    72  heap_4.o(i.prvInsertBlockIntoFreeList)
    i.prvResetNextTaskUnblockTime            0x08005f5c   Section        0  tasks.o(i.prvResetNextTaskUnblockTime)
    prvResetNextTaskUnblockTime              0x08005f5d   Thumb Code    26  tasks.o(i.prvResetNextTaskUnblockTime)
    i.prvTaskExitError                       0x08005f7c   Section        0  port.o(i.prvTaskExitError)
    prvTaskExitError                         0x08005f7d   Thumb Code    36  port.o(i.prvTaskExitError)
    i.pvPortMalloc                           0x08005fa4   Section        0  heap_4.o(i.pvPortMalloc)
    i.pxPortInitialiseStack                  0x0800607c   Section        0  port.o(i.pxPortInitialiseStack)
    i.uxListRemove                           0x080060ac   Section        0  list.o(i.uxListRemove)
    i.vListInitialise                        0x080060d2   Section        0  list.o(i.vListInitialise)
    i.vListInitialiseItem                    0x080060e8   Section        0  list.o(i.vListInitialiseItem)
    i.vListInsert                            0x080060ee   Section        0  list.o(i.vListInsert)
    i.vListInsertEnd                         0x0800611e   Section        0  list.o(i.vListInsertEnd)
    i.vPortEnterCritical                     0x08006138   Section        0  port.o(i.vPortEnterCritical)
    i.vPortExitCritical                      0x08006178   Section        0  port.o(i.vPortExitCritical)
    i.vPortFree                              0x080061a0   Section        0  heap_4.o(i.vPortFree)
    i.vPortSetupTimerInterrupt               0x080061fc   Section        0  port.o(i.vPortSetupTimerInterrupt)
    i.vTaskDelay                             0x08006220   Section        0  tasks.o(i.vTaskDelay)
    i.vTaskStartScheduler                    0x0800626c   Section        0  tasks.o(i.vTaskStartScheduler)
    i.vTaskSuspendAll                        0x080062d4   Section        0  tasks.o(i.vTaskSuspendAll)
    i.vTaskSwitchContext                     0x080062e4   Section        0  tasks.o(i.vTaskSwitchContext)
    i.xPortStartScheduler                    0x08006340   Section        0  port.o(i.xPortStartScheduler)
    i.xReadCH395Data                         0x08006434   Section        0  ch395.o(i.xReadCH395Data)
    i.xTaskCreate                            0x080064a0   Section        0  tasks.o(i.xTaskCreate)
    i.xTaskIncrementTick                     0x080064f8   Section        0  tasks.o(i.xTaskIncrementTick)
    i.xTaskResumeAll                         0x080065c0   Section        0  tasks.o(i.xTaskResumeAll)
    i.xWriteCH395Cmd                         0x08006684   Section        0  ch395.o(i.xWriteCH395Cmd)
    i.xWriteCH395Data                        0x080066f8   Section        0  ch395.o(i.xWriteCH395Data)
    .constdata                               0x08006760   Section       10  nrf24l01.o(.constdata)
    .constdata                               0x0800676a   Section     2072  oled.o(.constdata)
    .constdata                               0x08006f84   Section       60  freertos.o(.constdata)
    .constdata                               0x08006fc0   Section       16  system_stm32h7xx.o(.constdata)
    .conststring                             0x08006fd0   Section       32  freertos.o(.conststring)
    .data                                    0x20000000   Section        1  nrf24l01.o(.data)
    .data                                    0x20000002   Section       80  ch395.o(.data)
    .data                                    0x20000052   Section        1  main.o(.data)
    .data                                    0x20000053   Section        1  main.o(.data)
    .data                                    0x20000054   Section        1  main.o(.data)
    .data                                    0x20000055   Section        1  main.o(.data)
    .data                                    0x20000058   Section        4  freertos.o(.data)
    .data                                    0x2000005c   Section       12  stm32h7xx_hal.o(.data)
    .data                                    0x20000068   Section        8  system_stm32h7xx.o(.data)
    .data                                    0x20000070   Section       60  tasks.o(.data)
    pxDelayedTaskList                        0x20000074   Data           4  tasks.o(.data)
    pxOverflowDelayedTaskList                0x20000078   Data           4  tasks.o(.data)
    uxDeletedTasksWaitingCleanUp             0x2000007c   Data           4  tasks.o(.data)
    uxCurrentNumberOfTasks                   0x20000080   Data           4  tasks.o(.data)
    xTickCount                               0x20000084   Data           4  tasks.o(.data)
    uxTopReadyPriority                       0x20000088   Data           4  tasks.o(.data)
    xSchedulerRunning                        0x2000008c   Data           4  tasks.o(.data)
    uxPendedTicks                            0x20000090   Data           4  tasks.o(.data)
    xYieldPending                            0x20000094   Data           4  tasks.o(.data)
    xNumOfOverflows                          0x20000098   Data           4  tasks.o(.data)
    uxTaskNumber                             0x2000009c   Data           4  tasks.o(.data)
    xNextTaskUnblockTime                     0x200000a0   Data           4  tasks.o(.data)
    xIdleTaskHandle                          0x200000a4   Data           4  tasks.o(.data)
    uxSchedulerSuspended                     0x200000a8   Data           4  tasks.o(.data)
    .data                                    0x200000ac   Section       24  heap_4.o(.data)
    pxEnd                                    0x200000ac   Data           4  heap_4.o(.data)
    xFreeBytesRemaining                      0x200000b0   Data           4  heap_4.o(.data)
    xMinimumEverFreeBytesRemaining           0x200000b4   Data           4  heap_4.o(.data)
    xBlockAllocatedBit                       0x200000b8   Data           4  heap_4.o(.data)
    xStart                                   0x200000bc   Data           8  heap_4.o(.data)
    .data                                    0x200000c4   Section       12  port.o(.data)
    ucMaxSysCallPriority                     0x200000c4   Data           1  port.o(.data)
    uxCriticalNesting                        0x200000c8   Data           4  port.o(.data)
    ulMaxPRIGROUPValue                       0x200000cc   Data           4  port.o(.data)
    .bss                                     0x200000d0   Section     8192  ch395.o(.bss)
    .bss                                     0x200020d0   Section       25  main.o(.bss)
    .bss                                     0x200020ec   Section      128  main.o(.bss)
    .bss                                     0x2000216c   Section       76  i2c.o(.bss)
    .bss                                     0x200021b8   Section      272  spi.o(.bss)
    .bss                                     0x200022c8   Section       64  tim.o(.bss)
    .bss                                     0x20002308   Section      140  usart.o(.bss)
    .bss                                     0x20002394   Section     1032  usb_otg.o(.bss)
    .bss                                     0x2000279c   Section       64  stm32h7xx_hal_timebase_tim.o(.bss)
    .bss                                     0x200027dc   Section      240  tasks.o(.bss)
    pxReadyTasksLists                        0x200027dc   Data         140  tasks.o(.bss)
    xDelayedTaskList1                        0x20002868   Data          20  tasks.o(.bss)
    xDelayedTaskList2                        0x2000287c   Data          20  tasks.o(.bss)
    xPendingReadyList                        0x20002890   Data          20  tasks.o(.bss)
    xTasksWaitingTermination                 0x200028a4   Data          20  tasks.o(.bss)
    xSuspendedTaskList                       0x200028b8   Data          20  tasks.o(.bss)
    .bss                                     0x200028cc   Section    20480  heap_4.o(.bss)
    ucHeap                                   0x200028cc   Data       20480  heap_4.o(.bss)
    STACK                                    0x200078d0   Section     1024  startup_stm32h743xx.o(STACK)

    Global Symbols

    Symbol Name                              Value     Ov Type        Size  Object(Section)

    BuildAttributes$$THM_ISAv4$E$P$D$K$B$S$7EM$VFPv5_D16$PE$PLD8$A:L22UL41UL21$X:L11$S22US41US21$IEEE1$IW$USESV6$~STKCKD$USESV7$~SHL$OSPACE$EBA8$MICROLIB$REQ8$PRES8$EABIv2 0x00000000   Number         0  anon$$obj.o ABSOLUTE
    __ARM_use_no_argv                        0x00000000   Number         0  main.o ABSOLUTE
    __cpp_initialize__aeabi_                  - Undefined Weak Reference
    __cxa_finalize                            - Undefined Weak Reference
    __decompress                              - Undefined Weak Reference
    _clock_init                               - Undefined Weak Reference
    _microlib_exit                            - Undefined Weak Reference
    __Vectors_Size                           0x00000298   Number         0  startup_stm32h743xx.o ABSOLUTE
    __Vectors                                0x08000000   Data           4  startup_stm32h743xx.o(RESET)
    __Vectors_End                            0x08000298   Data           0  startup_stm32h743xx.o(RESET)
    __main                                   0x08000299   Thumb Code     0  entry.o(.ARM.Collect$$$$00000000)
    _main_stk                                0x08000299   Thumb Code     0  entry2.o(.ARM.Collect$$$$00000001)
    _main_scatterload                        0x0800029d   Thumb Code     0  entry5.o(.ARM.Collect$$$$00000004)
    __main_after_scatterload                 0x080002a1   Thumb Code     0  entry5.o(.ARM.Collect$$$$00000004)
    _main_clock                              0x080002a1   Thumb Code     0  entry7b.o(.ARM.Collect$$$$00000008)
    _main_cpp_init                           0x080002a1   Thumb Code     0  entry8b.o(.ARM.Collect$$$$0000000A)
    _main_init                               0x080002a1   Thumb Code     0  entry9a.o(.ARM.Collect$$$$0000000B)
    __rt_final_cpp                           0x080002a9   Thumb Code     0  entry10a.o(.ARM.Collect$$$$0000000D)
    __rt_final_exit                          0x080002a9   Thumb Code     0  entry11a.o(.ARM.Collect$$$$0000000F)
    SVC_Handler                              0x080002ad   Thumb Code    28  port.o(.emb_text)
    __asm___6_port_c_39a90d8d__prvStartFirstTask 0x080002cd   Thumb Code    36  port.o(.emb_text)
    __asm___6_port_c_39a90d8d__prvEnableVFP  0x080002f5   Thumb Code    16  port.o(.emb_text)
    PendSV_Handler                           0x08000309   Thumb Code    88  port.o(.emb_text)
    vPortGetIPSR                             0x08000365   Thumb Code     6  port.o(.emb_text)
    Reset_Handler                            0x0800036d   Thumb Code     8  startup_stm32h743xx.o(.text)
    ADC3_IRQHandler                          0x08000387   Thumb Code     0  startup_stm32h743xx.o(.text)
    ADC_IRQHandler                           0x08000387   Thumb Code     0  startup_stm32h743xx.o(.text)
    BDMA_Channel0_IRQHandler                 0x08000387   Thumb Code     0  startup_stm32h743xx.o(.text)
    BDMA_Channel1_IRQHandler                 0x08000387   Thumb Code     0  startup_stm32h743xx.o(.text)
    BDMA_Channel2_IRQHandler                 0x08000387   Thumb Code     0  startup_stm32h743xx.o(.text)
    BDMA_Channel3_IRQHandler                 0x08000387   Thumb Code     0  startup_stm32h743xx.o(.text)
    BDMA_Channel4_IRQHandler                 0x08000387   Thumb Code     0  startup_stm32h743xx.o(.text)
    BDMA_Channel5_IRQHandler                 0x08000387   Thumb Code     0  startup_stm32h743xx.o(.text)
    BDMA_Channel6_IRQHandler                 0x08000387   Thumb Code     0  startup_stm32h743xx.o(.text)
    BDMA_Channel7_IRQHandler                 0x08000387   Thumb Code     0  startup_stm32h743xx.o(.text)
    CEC_IRQHandler                           0x08000387   Thumb Code     0  startup_stm32h743xx.o(.text)
    COMP1_IRQHandler                         0x08000387   Thumb Code     0  startup_stm32h743xx.o(.text)
    CRS_IRQHandler                           0x08000387   Thumb Code     0  startup_stm32h743xx.o(.text)
    DCMI_IRQHandler                          0x08000387   Thumb Code     0  startup_stm32h743xx.o(.text)
    DFSDM1_FLT0_IRQHandler                   0x08000387   Thumb Code     0  startup_stm32h743xx.o(.text)
    DFSDM1_FLT1_IRQHandler                   0x08000387   Thumb Code     0  startup_stm32h743xx.o(.text)
    DFSDM1_FLT2_IRQHandler                   0x08000387   Thumb Code     0  startup_stm32h743xx.o(.text)
    DFSDM1_FLT3_IRQHandler                   0x08000387   Thumb Code     0  startup_stm32h743xx.o(.text)
    DMA1_Stream0_IRQHandler                  0x08000387   Thumb Code     0  startup_stm32h743xx.o(.text)
    DMA1_Stream1_IRQHandler                  0x08000387   Thumb Code     0  startup_stm32h743xx.o(.text)
    DMA1_Stream2_IRQHandler                  0x08000387   Thumb Code     0  startup_stm32h743xx.o(.text)
    DMA1_Stream3_IRQHandler                  0x08000387   Thumb Code     0  startup_stm32h743xx.o(.text)
    DMA1_Stream4_IRQHandler                  0x08000387   Thumb Code     0  startup_stm32h743xx.o(.text)
    DMA1_Stream5_IRQHandler                  0x08000387   Thumb Code     0  startup_stm32h743xx.o(.text)
    DMA1_Stream6_IRQHandler                  0x08000387   Thumb Code     0  startup_stm32h743xx.o(.text)
    DMA1_Stream7_IRQHandler                  0x08000387   Thumb Code     0  startup_stm32h743xx.o(.text)
    DMA2D_IRQHandler                         0x08000387   Thumb Code     0  startup_stm32h743xx.o(.text)
    DMA2_Stream0_IRQHandler                  0x08000387   Thumb Code     0  startup_stm32h743xx.o(.text)
    DMA2_Stream1_IRQHandler                  0x08000387   Thumb Code     0  startup_stm32h743xx.o(.text)
    DMA2_Stream2_IRQHandler                  0x08000387   Thumb Code     0  startup_stm32h743xx.o(.text)
    DMA2_Stream3_IRQHandler                  0x08000387   Thumb Code     0  startup_stm32h743xx.o(.text)
    DMA2_Stream4_IRQHandler                  0x08000387   Thumb Code     0  startup_stm32h743xx.o(.text)
    DMA2_Stream5_IRQHandler                  0x08000387   Thumb Code     0  startup_stm32h743xx.o(.text)
    DMA2_Stream6_IRQHandler                  0x08000387   Thumb Code     0  startup_stm32h743xx.o(.text)
    DMA2_Stream7_IRQHandler                  0x08000387   Thumb Code     0  startup_stm32h743xx.o(.text)
    DMAMUX1_OVR_IRQHandler                   0x08000387   Thumb Code     0  startup_stm32h743xx.o(.text)
    DMAMUX2_OVR_IRQHandler                   0x08000387   Thumb Code     0  startup_stm32h743xx.o(.text)
    ECC_IRQHandler                           0x08000387   Thumb Code     0  startup_stm32h743xx.o(.text)
    ETH_IRQHandler                           0x08000387   Thumb Code     0  startup_stm32h743xx.o(.text)
    ETH_WKUP_IRQHandler                      0x08000387   Thumb Code     0  startup_stm32h743xx.o(.text)
    EXTI0_IRQHandler                         0x08000387   Thumb Code     0  startup_stm32h743xx.o(.text)
    EXTI15_10_IRQHandler                     0x08000387   Thumb Code     0  startup_stm32h743xx.o(.text)
    EXTI1_IRQHandler                         0x08000387   Thumb Code     0  startup_stm32h743xx.o(.text)
    EXTI2_IRQHandler                         0x08000387   Thumb Code     0  startup_stm32h743xx.o(.text)
    EXTI3_IRQHandler                         0x08000387   Thumb Code     0  startup_stm32h743xx.o(.text)
    EXTI4_IRQHandler                         0x08000387   Thumb Code     0  startup_stm32h743xx.o(.text)
    EXTI9_5_IRQHandler                       0x08000387   Thumb Code     0  startup_stm32h743xx.o(.text)
    FDCAN1_IT0_IRQHandler                    0x08000387   Thumb Code     0  startup_stm32h743xx.o(.text)
    FDCAN1_IT1_IRQHandler                    0x08000387   Thumb Code     0  startup_stm32h743xx.o(.text)
    FDCAN2_IT0_IRQHandler                    0x08000387   Thumb Code     0  startup_stm32h743xx.o(.text)
    FDCAN2_IT1_IRQHandler                    0x08000387   Thumb Code     0  startup_stm32h743xx.o(.text)
    FDCAN_CAL_IRQHandler                     0x08000387   Thumb Code     0  startup_stm32h743xx.o(.text)
    FLASH_IRQHandler                         0x08000387   Thumb Code     0  startup_stm32h743xx.o(.text)
    FMC_IRQHandler                           0x08000387   Thumb Code     0  startup_stm32h743xx.o(.text)
    FPU_IRQHandler                           0x08000387   Thumb Code     0  startup_stm32h743xx.o(.text)
    HRTIM1_FLT_IRQHandler                    0x08000387   Thumb Code     0  startup_stm32h743xx.o(.text)
    HRTIM1_Master_IRQHandler                 0x08000387   Thumb Code     0  startup_stm32h743xx.o(.text)
    HRTIM1_TIMA_IRQHandler                   0x08000387   Thumb Code     0  startup_stm32h743xx.o(.text)
    HRTIM1_TIMB_IRQHandler                   0x08000387   Thumb Code     0  startup_stm32h743xx.o(.text)
    HRTIM1_TIMC_IRQHandler                   0x08000387   Thumb Code     0  startup_stm32h743xx.o(.text)
    HRTIM1_TIMD_IRQHandler                   0x08000387   Thumb Code     0  startup_stm32h743xx.o(.text)
    HRTIM1_TIME_IRQHandler                   0x08000387   Thumb Code     0  startup_stm32h743xx.o(.text)
    HSEM1_IRQHandler                         0x08000387   Thumb Code     0  startup_stm32h743xx.o(.text)
    I2C1_ER_IRQHandler                       0x08000387   Thumb Code     0  startup_stm32h743xx.o(.text)
    I2C1_EV_IRQHandler                       0x08000387   Thumb Code     0  startup_stm32h743xx.o(.text)
    I2C2_ER_IRQHandler                       0x08000387   Thumb Code     0  startup_stm32h743xx.o(.text)
    I2C2_EV_IRQHandler                       0x08000387   Thumb Code     0  startup_stm32h743xx.o(.text)
    I2C3_ER_IRQHandler                       0x08000387   Thumb Code     0  startup_stm32h743xx.o(.text)
    I2C3_EV_IRQHandler                       0x08000387   Thumb Code     0  startup_stm32h743xx.o(.text)
    I2C4_ER_IRQHandler                       0x08000387   Thumb Code     0  startup_stm32h743xx.o(.text)
    I2C4_EV_IRQHandler                       0x08000387   Thumb Code     0  startup_stm32h743xx.o(.text)
    JPEG_IRQHandler                          0x08000387   Thumb Code     0  startup_stm32h743xx.o(.text)
    LPTIM1_IRQHandler                        0x08000387   Thumb Code     0  startup_stm32h743xx.o(.text)
    LPTIM2_IRQHandler                        0x08000387   Thumb Code     0  startup_stm32h743xx.o(.text)
    LPTIM3_IRQHandler                        0x08000387   Thumb Code     0  startup_stm32h743xx.o(.text)
    LPTIM4_IRQHandler                        0x08000387   Thumb Code     0  startup_stm32h743xx.o(.text)
    LPTIM5_IRQHandler                        0x08000387   Thumb Code     0  startup_stm32h743xx.o(.text)
    LPUART1_IRQHandler                       0x08000387   Thumb Code     0  startup_stm32h743xx.o(.text)
    LTDC_ER_IRQHandler                       0x08000387   Thumb Code     0  startup_stm32h743xx.o(.text)
    LTDC_IRQHandler                          0x08000387   Thumb Code     0  startup_stm32h743xx.o(.text)
    MDIOS_IRQHandler                         0x08000387   Thumb Code     0  startup_stm32h743xx.o(.text)
    MDIOS_WKUP_IRQHandler                    0x08000387   Thumb Code     0  startup_stm32h743xx.o(.text)
    MDMA_IRQHandler                          0x08000387   Thumb Code     0  startup_stm32h743xx.o(.text)
    OTG_FS_EP1_IN_IRQHandler                 0x08000387   Thumb Code     0  startup_stm32h743xx.o(.text)
    OTG_FS_EP1_OUT_IRQHandler                0x08000387   Thumb Code     0  startup_stm32h743xx.o(.text)
    OTG_FS_IRQHandler                        0x08000387   Thumb Code     0  startup_stm32h743xx.o(.text)
    OTG_FS_WKUP_IRQHandler                   0x08000387   Thumb Code     0  startup_stm32h743xx.o(.text)
    OTG_HS_EP1_IN_IRQHandler                 0x08000387   Thumb Code     0  startup_stm32h743xx.o(.text)
    OTG_HS_EP1_OUT_IRQHandler                0x08000387   Thumb Code     0  startup_stm32h743xx.o(.text)
    OTG_HS_IRQHandler                        0x08000387   Thumb Code     0  startup_stm32h743xx.o(.text)
    OTG_HS_WKUP_IRQHandler                   0x08000387   Thumb Code     0  startup_stm32h743xx.o(.text)
    PVD_AVD_IRQHandler                       0x08000387   Thumb Code     0  startup_stm32h743xx.o(.text)
    QUADSPI_IRQHandler                       0x08000387   Thumb Code     0  startup_stm32h743xx.o(.text)
    RCC_IRQHandler                           0x08000387   Thumb Code     0  startup_stm32h743xx.o(.text)
    RNG_IRQHandler                           0x08000387   Thumb Code     0  startup_stm32h743xx.o(.text)
    RTC_Alarm_IRQHandler                     0x08000387   Thumb Code     0  startup_stm32h743xx.o(.text)
    RTC_WKUP_IRQHandler                      0x08000387   Thumb Code     0  startup_stm32h743xx.o(.text)
    SAI1_IRQHandler                          0x08000387   Thumb Code     0  startup_stm32h743xx.o(.text)
    SAI2_IRQHandler                          0x08000387   Thumb Code     0  startup_stm32h743xx.o(.text)
    SAI3_IRQHandler                          0x08000387   Thumb Code     0  startup_stm32h743xx.o(.text)
    SAI4_IRQHandler                          0x08000387   Thumb Code     0  startup_stm32h743xx.o(.text)
    SDMMC1_IRQHandler                        0x08000387   Thumb Code     0  startup_stm32h743xx.o(.text)
    SDMMC2_IRQHandler                        0x08000387   Thumb Code     0  startup_stm32h743xx.o(.text)
    SPDIF_RX_IRQHandler                      0x08000387   Thumb Code     0  startup_stm32h743xx.o(.text)
    SPI1_IRQHandler                          0x08000387   Thumb Code     0  startup_stm32h743xx.o(.text)
    SPI2_IRQHandler                          0x08000387   Thumb Code     0  startup_stm32h743xx.o(.text)
    SPI3_IRQHandler                          0x08000387   Thumb Code     0  startup_stm32h743xx.o(.text)
    SPI4_IRQHandler                          0x08000387   Thumb Code     0  startup_stm32h743xx.o(.text)
    SPI5_IRQHandler                          0x08000387   Thumb Code     0  startup_stm32h743xx.o(.text)
    SPI6_IRQHandler                          0x08000387   Thumb Code     0  startup_stm32h743xx.o(.text)
    SWPMI1_IRQHandler                        0x08000387   Thumb Code     0  startup_stm32h743xx.o(.text)
    TAMP_STAMP_IRQHandler                    0x08000387   Thumb Code     0  startup_stm32h743xx.o(.text)
    TIM15_IRQHandler                         0x08000387   Thumb Code     0  startup_stm32h743xx.o(.text)
    TIM16_IRQHandler                         0x08000387   Thumb Code     0  startup_stm32h743xx.o(.text)
    TIM17_IRQHandler                         0x08000387   Thumb Code     0  startup_stm32h743xx.o(.text)
    TIM1_BRK_IRQHandler                      0x08000387   Thumb Code     0  startup_stm32h743xx.o(.text)
    TIM1_CC_IRQHandler                       0x08000387   Thumb Code     0  startup_stm32h743xx.o(.text)
    TIM1_TRG_COM_IRQHandler                  0x08000387   Thumb Code     0  startup_stm32h743xx.o(.text)
    TIM2_IRQHandler                          0x08000387   Thumb Code     0  startup_stm32h743xx.o(.text)
    TIM3_IRQHandler                          0x08000387   Thumb Code     0  startup_stm32h743xx.o(.text)
    TIM4_IRQHandler                          0x08000387   Thumb Code     0  startup_stm32h743xx.o(.text)
    TIM5_IRQHandler                          0x08000387   Thumb Code     0  startup_stm32h743xx.o(.text)
    TIM6_DAC_IRQHandler                      0x08000387   Thumb Code     0  startup_stm32h743xx.o(.text)
    TIM7_IRQHandler                          0x08000387   Thumb Code     0  startup_stm32h743xx.o(.text)
    TIM8_BRK_TIM12_IRQHandler                0x08000387   Thumb Code     0  startup_stm32h743xx.o(.text)
    TIM8_CC_IRQHandler                       0x08000387   Thumb Code     0  startup_stm32h743xx.o(.text)
    TIM8_TRG_COM_TIM14_IRQHandler            0x08000387   Thumb Code     0  startup_stm32h743xx.o(.text)
    TIM8_UP_TIM13_IRQHandler                 0x08000387   Thumb Code     0  startup_stm32h743xx.o(.text)
    UART4_IRQHandler                         0x08000387   Thumb Code     0  startup_stm32h743xx.o(.text)
    UART5_IRQHandler                         0x08000387   Thumb Code     0  startup_stm32h743xx.o(.text)
    UART7_IRQHandler                         0x08000387   Thumb Code     0  startup_stm32h743xx.o(.text)
    UART8_IRQHandler                         0x08000387   Thumb Code     0  startup_stm32h743xx.o(.text)
    USART1_IRQHandler                        0x08000387   Thumb Code     0  startup_stm32h743xx.o(.text)
    USART2_IRQHandler                        0x08000387   Thumb Code     0  startup_stm32h743xx.o(.text)
    USART3_IRQHandler                        0x08000387   Thumb Code     0  startup_stm32h743xx.o(.text)
    USART6_IRQHandler                        0x08000387   Thumb Code     0  startup_stm32h743xx.o(.text)
    WAKEUP_PIN_IRQHandler                    0x08000387   Thumb Code     0  startup_stm32h743xx.o(.text)
    WWDG_IRQHandler                          0x08000387   Thumb Code     0  startup_stm32h743xx.o(.text)
    __aeabi_uldivmod                         0x08000391   Thumb Code    98  uldiv.o(.text)
    __aeabi_memcpy                           0x080003f3   Thumb Code    36  memcpya.o(.text)
    __aeabi_memcpy4                          0x080003f3   Thumb Code     0  memcpya.o(.text)
    __aeabi_memcpy8                          0x080003f3   Thumb Code     0  memcpya.o(.text)
    __aeabi_memset                           0x08000417   Thumb Code    14  memseta.o(.text)
    __aeabi_memset4                          0x08000417   Thumb Code     0  memseta.o(.text)
    __aeabi_memset8                          0x08000417   Thumb Code     0  memseta.o(.text)
    __aeabi_memclr                           0x08000425   Thumb Code     4  memseta.o(.text)
    __aeabi_memclr4                          0x08000425   Thumb Code     0  memseta.o(.text)
    __aeabi_memclr8                          0x08000425   Thumb Code     0  memseta.o(.text)
    memset                                   0x08000429   Thumb Code    18  memseta.o(.text)
    __aeabi_llsl                             0x0800043b   Thumb Code    30  llshl.o(.text)
    _ll_shift_l                              0x0800043b   Thumb Code     0  llshl.o(.text)
    __aeabi_llsr                             0x08000459   Thumb Code    32  llushr.o(.text)
    _ll_ushift_r                             0x08000459   Thumb Code     0  llushr.o(.text)
    __scatterload                            0x08000479   Thumb Code    28  init.o(.text)
    __scatterload_rt2                        0x08000479   Thumb Code     0  init.o(.text)
    BusFault_Handler                         0x0800049d   Thumb Code     2  stm32h7xx_it.o(i.BusFault_Handler)
    CH395CMDCheckExist                       0x0800049f   Thumb Code    24  ch395.o(i.CH395CMDCheckExist)
    CH395CMDGetGlobIntStatus_ALL             0x080004b7   Thumb Code    32  ch395.o(i.CH395CMDGetGlobIntStatus_ALL)
    CH395CMDGetPHYStatus                     0x080004d7   Thumb Code    16  ch395.o(i.CH395CMDGetPHYStatus)
    CH395CMDInitCH395                        0x080004e7   Thumb Code    36  ch395.o(i.CH395CMDInitCH395)
    CH395CMDSetGWIPAddr                      0x0800050b   Thumb Code    30  ch395.o(i.CH395CMDSetGWIPAddr)
    CH395CMDSetIPAddr                        0x08000529   Thumb Code    30  ch395.o(i.CH395CMDSetIPAddr)
    CH395CMDSetMACAddr                       0x08000547   Thumb Code    38  ch395.o(i.CH395CMDSetMACAddr)
    CH395CMDSetMASKAddr                      0x0800056d   Thumb Code    30  ch395.o(i.CH395CMDSetMASKAddr)
    CH395GetCmdStatus                        0x0800058b   Thumb Code    16  ch395.o(i.CH395GetCmdStatus)
    CH395GetRecvData                         0x0800059b   Thumb Code    62  ch395.o(i.CH395GetRecvData)
    CH395GetRecvLength                       0x080005d9   Thumb Code    34  ch395.o(i.CH395GetRecvLength)
    CH395GetSocketInt                        0x080005fb   Thumb Code    30  ch395.o(i.CH395GetSocketInt)
    CH395GlobalInterrupt                     0x08000619   Thumb Code    22  ch395.o(i.CH395GlobalInterrupt)
    CH395Init                                0x08000631   Thumb Code    60  ch395.o(i.CH395Init)
    CH395OpenSocket                          0x08000671   Thumb Code    44  ch395.o(i.CH395OpenSocket)
    CH395SendData                            0x0800069d   Thumb Code    54  ch395.o(i.CH395SendData)
    CH395SetSocketDesIP                      0x080006d3   Thumb Code    46  ch395.o(i.CH395SetSocketDesIP)
    CH395SetSocketDesPort                    0x08000701   Thumb Code    34  ch395.o(i.CH395SetSocketDesPort)
    CH395SetSocketProtType                   0x08000723   Thumb Code    28  ch395.o(i.CH395SetSocketProtType)
    CH395SetSocketSourPort                   0x0800073f   Thumb Code    34  ch395.o(i.CH395SetSocketSourPort)
    CH395SocketInitOpen                      0x08000761   Thumb Code    94  ch395.o(i.CH395SocketInitOpen)
    CH395SocketInterrupt                     0x080007c5   Thumb Code   270  ch395.o(i.CH395SocketInterrupt)
    CH395_Port_Init                          0x080008f1   Thumb Code    84  ch395.o(i.CH395_Port_Init)
    DebugMon_Handler                         0x0800094d   Thumb Code     2  stm32h7xx_it.o(i.DebugMon_Handler)
    Error_Handler                            0x0800094f   Thumb Code     2  main.o(i.Error_Handler)
    HAL_Delay                                0x08000951   Thumb Code    32  stm32h7xx_hal.o(i.HAL_Delay)
    HAL_GPIO_Init                            0x08000975   Thumb Code   458  stm32h7xx_hal_gpio.o(i.HAL_GPIO_Init)
    HAL_GPIO_ReadPin                         0x08000b71   Thumb Code    10  stm32h7xx_hal_gpio.o(i.HAL_GPIO_ReadPin)
    HAL_GPIO_TogglePin                       0x08000b7b   Thumb Code    14  stm32h7xx_hal_gpio.o(i.HAL_GPIO_TogglePin)
    HAL_GPIO_WritePin                        0x08000b89   Thumb Code    10  stm32h7xx_hal_gpio.o(i.HAL_GPIO_WritePin)
    HAL_GetREVID                             0x08000b95   Thumb Code     8  stm32h7xx_hal.o(i.HAL_GetREVID)
    HAL_GetTick                              0x08000ba1   Thumb Code     6  stm32h7xx_hal.o(i.HAL_GetTick)
    HAL_I2CEx_ConfigAnalogFilter             0x08000bad   Thumb Code    88  stm32h7xx_hal_i2c_ex.o(i.HAL_I2CEx_ConfigAnalogFilter)
    HAL_I2CEx_ConfigDigitalFilter            0x08000c05   Thumb Code    84  stm32h7xx_hal_i2c_ex.o(i.HAL_I2CEx_ConfigDigitalFilter)
    HAL_I2C_Init                             0x08000c59   Thumb Code   180  stm32h7xx_hal_i2c.o(i.HAL_I2C_Init)
    HAL_I2C_Mem_Write                        0x08000d11   Thumb Code   340  stm32h7xx_hal_i2c.o(i.HAL_I2C_Mem_Write)
    HAL_I2C_MspInit                          0x08000e69   Thumb Code    92  i2c.o(i.HAL_I2C_MspInit)
    HAL_IncTick                              0x08000ed1   Thumb Code    12  stm32h7xx_hal.o(i.HAL_IncTick)
    HAL_Init                                 0x08000ee1   Thumb Code    72  stm32h7xx_hal.o(i.HAL_Init)
    HAL_InitTick                             0x08000f39   Thumb Code   100  stm32h7xx_hal_timebase_tim.o(i.HAL_InitTick)
    HAL_MspInit                              0x08000fad   Thumb Code    32  stm32h7xx_hal_msp.o(i.HAL_MspInit)
    HAL_NVIC_EnableIRQ                       0x08000fd1   Thumb Code    26  stm32h7xx_hal_cortex.o(i.HAL_NVIC_EnableIRQ)
    HAL_NVIC_SetPriority                     0x08000fed   Thumb Code    60  stm32h7xx_hal_cortex.o(i.HAL_NVIC_SetPriority)
    HAL_NVIC_SetPriorityGrouping             0x0800102d   Thumb Code    28  stm32h7xx_hal_cortex.o(i.HAL_NVIC_SetPriorityGrouping)
    HAL_PCDEx_ActivateLPM                    0x08001051   Thumb Code    34  stm32h7xx_hal_pcd_ex.o(i.HAL_PCDEx_ActivateLPM)
    HAL_PCD_Init                             0x08001079   Thumb Code   242  stm32h7xx_hal_pcd.o(i.HAL_PCD_Init)
    HAL_PCD_MspInit                          0x0800116d   Thumb Code   110  usb_otg.o(i.HAL_PCD_MspInit)
    HAL_PWREx_ConfigSupply                   0x080011e9   Thumb Code    76  stm32h7xx_hal_pwr_ex.o(i.HAL_PWREx_ConfigSupply)
    HAL_PWREx_EnableUSBVoltageDetector       0x08001239   Thumb Code    12  stm32h7xx_hal_pwr_ex.o(i.HAL_PWREx_EnableUSBVoltageDetector)
    HAL_RCCEx_GetD1SysClockFreq              0x08001249   Thumb Code    30  stm32h7xx_hal_rcc_ex.o(i.HAL_RCCEx_GetD1SysClockFreq)
    HAL_RCCEx_GetD3PCLK1Freq                 0x08001275   Thumb Code    26  stm32h7xx_hal_rcc_ex.o(i.HAL_RCCEx_GetD3PCLK1Freq)
    HAL_RCCEx_GetPLL2ClockFreq               0x08001299   Thumb Code   296  stm32h7xx_hal_rcc_ex.o(i.HAL_RCCEx_GetPLL2ClockFreq)
    HAL_RCCEx_GetPLL3ClockFreq               0x080013dd   Thumb Code   296  stm32h7xx_hal_rcc_ex.o(i.HAL_RCCEx_GetPLL3ClockFreq)
    HAL_RCCEx_PeriphCLKConfig                0x08001521   Thumb Code  2230  stm32h7xx_hal_rcc_ex.o(i.HAL_RCCEx_PeriphCLKConfig)
    HAL_RCC_ClockConfig                      0x08001dd9   Thumb Code   560  stm32h7xx_hal_rcc.o(i.HAL_RCC_ClockConfig)
    HAL_RCC_GetClockConfig                   0x0800201d   Thumb Code    84  stm32h7xx_hal_rcc.o(i.HAL_RCC_GetClockConfig)
    HAL_RCC_GetHCLKFreq                      0x08002079   Thumb Code    30  stm32h7xx_hal_rcc.o(i.HAL_RCC_GetHCLKFreq)
    HAL_RCC_GetPCLK1Freq                     0x080020a5   Thumb Code    26  stm32h7xx_hal_rcc.o(i.HAL_RCC_GetPCLK1Freq)
    HAL_RCC_GetPCLK2Freq                     0x080020c9   Thumb Code    26  stm32h7xx_hal_rcc.o(i.HAL_RCC_GetPCLK2Freq)
    HAL_RCC_GetSysClockFreq                  0x080020ed   Thumb Code   278  stm32h7xx_hal_rcc.o(i.HAL_RCC_GetSysClockFreq)
    HAL_RCC_OscConfig                        0x08002225   Thumb Code  1206  stm32h7xx_hal_rcc.o(i.HAL_RCC_OscConfig)
    HAL_SPI_Init                             0x080026dd   Thumb Code   308  stm32h7xx_hal_spi.o(i.HAL_SPI_Init)
    HAL_SPI_MspInit                          0x0800281d   Thumb Code   148  spi.o(i.HAL_SPI_MspInit)
    HAL_SPI_Receive                          0x080028c5   Thumb Code   552  stm32h7xx_hal_spi.o(i.HAL_SPI_Receive)
    HAL_SPI_Transmit                         0x08002aed   Thumb Code   556  stm32h7xx_hal_spi.o(i.HAL_SPI_Transmit)
    HAL_SPI_TransmitReceive                  0x08002d19   Thumb Code   802  stm32h7xx_hal_spi.o(i.HAL_SPI_TransmitReceive)
    HAL_TIMEx_Break2Callback                 0x0800303b   Thumb Code     2  stm32h7xx_hal_tim_ex.o(i.HAL_TIMEx_Break2Callback)
    HAL_TIMEx_BreakCallback                  0x0800303d   Thumb Code     2  stm32h7xx_hal_tim_ex.o(i.HAL_TIMEx_BreakCallback)
    HAL_TIMEx_CommutCallback                 0x0800303f   Thumb Code     2  stm32h7xx_hal_tim_ex.o(i.HAL_TIMEx_CommutCallback)
    HAL_TIMEx_MasterConfigSynchronization    0x08003041   Thumb Code    88  stm32h7xx_hal_tim_ex.o(i.HAL_TIMEx_MasterConfigSynchronization)
    HAL_TIM_Base_Init                        0x080030a1   Thumb Code    54  stm32h7xx_hal_tim.o(i.HAL_TIM_Base_Init)
    HAL_TIM_Base_MspInit                     0x080030d9   Thumb Code    30  tim.o(i.HAL_TIM_Base_MspInit)
    HAL_TIM_Base_Start                       0x08003101   Thumb Code    42  stm32h7xx_hal_tim.o(i.HAL_TIM_Base_Start)
    HAL_TIM_Base_Start_IT                    0x08003131   Thumb Code    40  stm32h7xx_hal_tim.o(i.HAL_TIM_Base_Start_IT)
    HAL_TIM_Base_Stop                        0x0800315d   Thumb Code    44  stm32h7xx_hal_tim.o(i.HAL_TIM_Base_Stop)
    HAL_TIM_IC_CaptureCallback               0x08003189   Thumb Code     2  stm32h7xx_hal_tim.o(i.HAL_TIM_IC_CaptureCallback)
    HAL_TIM_IRQHandler                       0x0800318b   Thumb Code   386  stm32h7xx_hal_tim.o(i.HAL_TIM_IRQHandler)
    HAL_TIM_OC_DelayElapsedCallback          0x0800330d   Thumb Code     2  stm32h7xx_hal_tim.o(i.HAL_TIM_OC_DelayElapsedCallback)
    HAL_TIM_PWM_PulseFinishedCallback        0x0800330f   Thumb Code     2  stm32h7xx_hal_tim.o(i.HAL_TIM_PWM_PulseFinishedCallback)
    HAL_TIM_PeriodElapsedCallback            0x08003311   Thumb Code    14  main.o(i.HAL_TIM_PeriodElapsedCallback)
    HAL_TIM_TriggerCallback                  0x08003325   Thumb Code     2  stm32h7xx_hal_tim.o(i.HAL_TIM_TriggerCallback)
    HAL_UARTEx_DisableFifoMode               0x08003327   Thumb Code    64  stm32h7xx_hal_uart_ex.o(i.HAL_UARTEx_DisableFifoMode)
    HAL_UARTEx_SetRxFifoThreshold            0x08003367   Thumb Code    76  stm32h7xx_hal_uart_ex.o(i.HAL_UARTEx_SetRxFifoThreshold)
    HAL_UARTEx_SetTxFifoThreshold            0x080033b3   Thumb Code    76  stm32h7xx_hal_uart_ex.o(i.HAL_UARTEx_SetTxFifoThreshold)
    HAL_UART_Init                            0x080033ff   Thumb Code   106  stm32h7xx_hal_uart.o(i.HAL_UART_Init)
    HAL_UART_MspInit                         0x08003469   Thumb Code    92  usart.o(i.HAL_UART_MspInit)
    HardFault_Handler                        0x080034d1   Thumb Code     2  stm32h7xx_it.o(i.HardFault_Handler)
    InitSocketParam                          0x08003709   Thumb Code    62  ch395.o(i.InitSocketParam)
    IpTrans                                  0x08003751   Thumb Code   242  ch395.o(i.IpTrans)
    MX_FREERTOS_Init                         0x08003849   Thumb Code    74  freertos.o(i.MX_FREERTOS_Init)
    MX_GPIO_Init                             0x0800389d   Thumb Code   508  gpio.o(i.MX_GPIO_Init)
    MX_I2C1_Init                             0x08003ab9   Thumb Code    76  i2c.o(i.MX_I2C1_Init)
    MX_SPI4_Init                             0x08003b11   Thumb Code    84  spi.o(i.MX_SPI4_Init)
    MX_SPI5_Init                             0x08003b6d   Thumb Code    84  spi.o(i.MX_SPI5_Init)
    MX_TIM7_Init                             0x08003bc9   Thumb Code    60  tim.o(i.MX_TIM7_Init)
    MX_USART3_UART_Init                      0x08003c0d   Thumb Code    94  usart.o(i.MX_USART3_UART_Init)
    MX_USB_OTG_FS_PCD_Init                   0x08003c75   Thumb Code    54  usb_otg.o(i.MX_USB_OTG_FS_PCD_Init)
    MemManage_Handler                        0x08003cb5   Thumb Code     2  stm32h7xx_it.o(i.MemManage_Handler)
    NMI_Handler                              0x08003cb7   Thumb Code     2  stm32h7xx_it.o(i.NMI_Handler)
    NRF24L01_RX_Check                        0x08003cb9   Thumb Code    64  nrf24l01.o(i.NRF24L01_RX_Check)
    NRF24L01_RX_Read_Buf                     0x08003d01   Thumb Code    58  nrf24l01.o(i.NRF24L01_RX_Read_Buf)
    NRF24L01_RX_Read_Reg                     0x08003d45   Thumb Code    66  nrf24l01.o(i.NRF24L01_RX_Read_Reg)
    NRF24L01_RX_Write_Buf                    0x08003d91   Thumb Code    70  nrf24l01.o(i.NRF24L01_RX_Write_Buf)
    NRF24L01_RX_Write_Reg                    0x08003de1   Thumb Code    66  nrf24l01.o(i.NRF24L01_RX_Write_Reg)
    NRF24L01_RxPacket                        0x08003e2d   Thumb Code    50  nrf24l01.o(i.NRF24L01_RxPacket)
    NRF24L01_TX_Check                        0x08003e61   Thumb Code    64  nrf24l01.o(i.NRF24L01_TX_Check)
    NRF24L01_TX_Read_Buf                     0x08003ea9   Thumb Code    58  nrf24l01.o(i.NRF24L01_TX_Read_Buf)
    NRF24L01_TX_Write_Buf                    0x08003eed   Thumb Code    70  nrf24l01.o(i.NRF24L01_TX_Write_Buf)
    NRF24L01_TX_Write_Reg                    0x08003f3d   Thumb Code    66  nrf24l01.o(i.NRF24L01_TX_Write_Reg)
    NRF24L01_TxPacket                        0x08003f89   Thumb Code    44  nrf24l01.o(i.NRF24L01_TxPacket)
    OLED_CLS                                 0x08003fb9   Thumb Code     6  oled.o(i.OLED_CLS)
    OLED_Fill                                0x08003fc1   Thumb Code    56  oled.o(i.OLED_Fill)
    OLED_Init                                0x08003ff9   Thumb Code   180  oled.o(i.OLED_Init)
    OLED_ON                                  0x080040ad   Thumb Code    24  oled.o(i.OLED_ON)
    OLED_SetPos                              0x080040c5   Thumb Code    38  oled.o(i.OLED_SetPos)
    OLED_ShowStr                             0x080040ed   Thumb Code   208  oled.o(i.OLED_ShowStr)
    ParaIn                                   0x080041c5   Thumb Code     8  ch395.o(i.ParaIn)
    RX_Mode                                  0x08004411   Thumb Code   102  nrf24l01.o(i.RX_Mode)
    RX_Task                                  0x08004489   Thumb Code    58  freertos.o(i.RX_Task)
    Set_Input                                0x080045d1   Thumb Code    38  gpio.o(i.Set_Input)
    Set_Output                               0x080045fd   Thumb Code    38  gpio.o(i.Set_Output)
    StartDefaultTask                         0x08004629   Thumb Code    46  freertos.o(i.StartDefaultTask)
    SysTick_Handler                          0x08004665   Thumb Code    38  port.o(i.SysTick_Handler)
    SystemClock_Config                       0x08004691   Thumb Code   178  main.o(i.SystemClock_Config)
    SystemInit                               0x08004751   Thumb Code   134  system_stm32h7xx.o(i.SystemInit)
    TIM1_UP_IRQHandler                       0x080047ed   Thumb Code     6  stm32h7xx_it.o(i.TIM1_UP_IRQHandler)
    TIM_Base_SetConfig                       0x080047f9   Thumb Code   162  stm32h7xx_hal_tim.o(i.TIM_Base_SetConfig)
    TX_Mode                                  0x080048bd   Thumb Code   122  nrf24l01.o(i.TX_Mode)
    UART_AdvFeatureConfig                    0x080049ad   Thumb Code   200  stm32h7xx_hal_uart.o(i.UART_AdvFeatureConfig)
    UART_CheckIdleState                      0x08004a75   Thumb Code    94  stm32h7xx_hal_uart.o(i.UART_CheckIdleState)
    UART_SetConfig                           0x08004ad5   Thumb Code  3084  stm32h7xx_hal_uart.o(i.UART_SetConfig)
    UART_WaitOnFlagUntilTimeout              0x080056e5   Thumb Code   164  stm32h7xx_hal_uart.o(i.UART_WaitOnFlagUntilTimeout)
    UDP_REV_Task                             0x08005789   Thumb Code    28  freertos.o(i.UDP_REV_Task)
    USB_CoreInit                             0x080057a9   Thumb Code   114  stm32h7xx_ll_usb.o(i.USB_CoreInit)
    USB_DevDisconnect                        0x08005859   Thumb Code    24  stm32h7xx_ll_usb.o(i.USB_DevDisconnect)
    USB_DevInit                              0x08005871   Thumb Code   374  stm32h7xx_ll_usb.o(i.USB_DevInit)
    USB_DisableGlobalInt                     0x080059f9   Thumb Code    12  stm32h7xx_ll_usb.o(i.USB_DisableGlobalInt)
    USB_FlushRxFifo                          0x08005a05   Thumb Code    28  stm32h7xx_ll_usb.o(i.USB_FlushRxFifo)
    USB_FlushTxFifo                          0x08005a25   Thumb Code    32  stm32h7xx_ll_usb.o(i.USB_FlushTxFifo)
    USB_SetCurrentMode                       0x08005a49   Thumb Code    46  stm32h7xx_ll_usb.o(i.USB_SetCurrentMode)
    UsageFault_Handler                       0x08005a77   Thumb Code     2  stm32h7xx_it.o(i.UsageFault_Handler)
    WriteCmd                                 0x08005a79   Thumb Code    30  oled.o(i.WriteCmd)
    WriteDat                                 0x08005a9d   Thumb Code    30  oled.o(i.WriteDat)
    __scatterload_copy                       0x08005ae3   Thumb Code    14  handlers.o(i.__scatterload_copy)
    __scatterload_null                       0x08005af1   Thumb Code     2  handlers.o(i.__scatterload_null)
    __scatterload_zeroinit                   0x08005af3   Thumb Code    14  handlers.o(i.__scatterload_zeroinit)
    delay_us                                 0x08005b01   Thumb Code    44  main.o(i.delay_us)
    mStopIfError                             0x08005b31   Thumb Code    30  ch395.o(i.mStopIfError)
    main                                     0x08005b55   Thumb Code   200  main.o(i.main)
    osDelay                                  0x08005c37   Thumb Code    14  cmsis_os.o(i.osDelay)
    osKernelStart                            0x08005c45   Thumb Code    10  cmsis_os.o(i.osKernelStart)
    osThreadCreate                           0x08005c4f   Thumb Code    46  cmsis_os.o(i.osThreadCreate)
    pvPortMalloc                             0x08005fa5   Thumb Code   210  heap_4.o(i.pvPortMalloc)
    pxPortInitialiseStack                    0x0800607d   Thumb Code    42  port.o(i.pxPortInitialiseStack)
    uxListRemove                             0x080060ad   Thumb Code    38  list.o(i.uxListRemove)
    vListInitialise                          0x080060d3   Thumb Code    22  list.o(i.vListInitialise)
    vListInitialiseItem                      0x080060e9   Thumb Code     6  list.o(i.vListInitialiseItem)
    vListInsert                              0x080060ef   Thumb Code    48  list.o(i.vListInsert)
    vListInsertEnd                           0x0800611f   Thumb Code    24  list.o(i.vListInsertEnd)
    vPortEnterCritical                       0x08006139   Thumb Code    54  port.o(i.vPortEnterCritical)
    vPortExitCritical                        0x08006179   Thumb Code    34  port.o(i.vPortExitCritical)
    vPortFree                                0x080061a1   Thumb Code    88  heap_4.o(i.vPortFree)
    vPortSetupTimerInterrupt                 0x080061fd   Thumb Code    32  port.o(i.vPortSetupTimerInterrupt)
    vTaskDelay                               0x08006221   Thumb Code    66  tasks.o(i.vTaskDelay)
    vTaskStartScheduler                      0x0800626d   Thumb Code    86  tasks.o(i.vTaskStartScheduler)
    vTaskSuspendAll                          0x080062d5   Thumb Code    10  tasks.o(i.vTaskSuspendAll)
    vTaskSwitchContext                       0x080062e5   Thumb Code    82  tasks.o(i.vTaskSwitchContext)
    xPortStartScheduler                      0x08006341   Thumb Code   222  port.o(i.xPortStartScheduler)
    xReadCH395Data                           0x08006435   Thumb Code   100  ch395.o(i.xReadCH395Data)
    xTaskCreate                              0x080064a1   Thumb Code    86  tasks.o(i.xTaskCreate)
    xTaskIncrementTick                       0x080064f9   Thumb Code   192  tasks.o(i.xTaskIncrementTick)
    xTaskResumeAll                           0x080065c1   Thumb Code   184  tasks.o(i.xTaskResumeAll)
    xWriteCH395Cmd                           0x08006685   Thumb Code   104  ch395.o(i.xWriteCH395Cmd)
    xWriteCH395Data                          0x080066f9   Thumb Code    90  ch395.o(i.xWriteCH395Data)
    TX_ADDRESS                               0x08006760   Data           5  nrf24l01.o(.constdata)
    RX_ADDRESS                               0x08006765   Data           5  nrf24l01.o(.constdata)
    F6x8                                     0x0800676a   Data         552  oled.o(.constdata)
    F8X16                                    0x08006992   Data        1520  oled.o(.constdata)
    D1CorePrescTable                         0x08006fc0   Data          16  system_stm32h7xx.o(.constdata)
    Region$$Table$$Base                      0x08006ff0   Number         0  anon$$obj.o(Region$$Table)
    Region$$Table$$Limit                     0x08007010   Number         0  anon$$obj.o(Region$$Table)
    bandwidth                                0x20000000   Data           1  nrf24l01.o(.data)
    package_success                          0x20000002   Data           1  ch395.o(.data)
    RemoteIpLen                              0x20000003   Data           1  ch395.o(.data)
    Socket0SourPort                          0x20000004   Data           2  ch395.o(.data)
    Socket0DesPort                           0x20000006   Data           2  ch395.o(.data)
    Socket1SourPort                          0x20000008   Data           2  ch395.o(.data)
    Socket1DesPort                           0x2000000a   Data           2  ch395.o(.data)
    CH395IPAddr                              0x2000000c   Data           4  ch395.o(.data)
    CH395GWIPAddr                            0x20000010   Data           4  ch395.o(.data)
    CH395IPMask                              0x20000014   Data           4  ch395.o(.data)
    Socket0DesIP                             0x20000018   Data           4  ch395.o(.data)
    Socket1DesIP                             0x2000001c   Data           4  ch395.o(.data)
    destAddr                                 0x20000020   Data           4  ch395.o(.data)
    CH395MACAddr                             0x20000024   Data           6  ch395.o(.data)
    IPShow                                   0x2000002a   Data          20  ch395.o(.data)
    RemoteIpShow                             0x2000003e   Data          20  ch395.o(.data)
    TX_frequency                             0x20000052   Data           1  main.o(.data)
    RX_frequency                             0x20000053   Data           1  main.o(.data)
    rx_success                               0x20000054   Data           1  main.o(.data)
    ErrorFlag                                0x20000055   Data           1  main.o(.data)
    defaultTaskHandle                        0x20000058   Data           4  freertos.o(.data)
    uwTickFreq                               0x2000005c   Data           1  stm32h7xx_hal.o(.data)
    uwTickPrio                               0x20000060   Data           4  stm32h7xx_hal.o(.data)
    uwTick                                   0x20000064   Data           4  stm32h7xx_hal.o(.data)
    SystemCoreClock                          0x20000068   Data           4  system_stm32h7xx.o(.data)
    SystemD2Clock                            0x2000006c   Data           4  system_stm32h7xx.o(.data)
    pxCurrentTCB                             0x20000070   Data           4  tasks.o(.data)
    MyBuffer                                 0x200000d0   Data        8192  ch395.o(.bss)
    RX_Packet                                0x200020d0   Data          25  main.o(.bss)
    SockInf                                  0x200020ec   Data         128  main.o(.bss)
    hi2c1                                    0x2000216c   Data          76  i2c.o(.bss)
    hspi4                                    0x200021b8   Data         136  spi.o(.bss)
    hspi5                                    0x20002240   Data         136  spi.o(.bss)
    htim7                                    0x200022c8   Data          64  tim.o(.bss)
    huart3                                   0x20002308   Data         140  usart.o(.bss)
    hpcd_USB_OTG_FS                          0x20002394   Data        1032  usb_otg.o(.bss)
    htim1                                    0x2000279c   Data          64  stm32h7xx_hal_timebase_tim.o(.bss)
    __initial_sp                             0x20007cd0   Data           0  startup_stm32h743xx.o(STACK)



==============================================================================

Memory Map of the image

  Image Entry point : 0x08000299

  Load Region LR_IROM1 (Base: 0x08000000, Size: 0x000070e0, Max: 0x00200000, ABSOLUTE)

    Execution Region ER_IROM1 (Exec base: 0x08000000, Load base: 0x08000000, Size: 0x00007010, Max: 0x00200000, ABSOLUTE)

    Exec Addr    Load Addr    Size         Type   Attr      Idx    E Section Name        Object

    0x08000000   0x08000000   0x00000298   Data   RO            3    RESET               startup_stm32h743xx.o
    0x08000298   0x08000298   0x00000000   Code   RO         7546  * .ARM.Collect$$$$00000000  mc_w.l(entry.o)
    0x08000298   0x08000298   0x00000004   Code   RO         7559    .ARM.Collect$$$$00000001  mc_w.l(entry2.o)
    0x0800029c   0x0800029c   0x00000004   Code   RO         7562    .ARM.Collect$$$$00000004  mc_w.l(entry5.o)
    0x080002a0   0x080002a0   0x00000000   Code   RO         7564    .ARM.Collect$$$$00000008  mc_w.l(entry7b.o)
    0x080002a0   0x080002a0   0x00000000   Code   RO         7566    .ARM.Collect$$$$0000000A  mc_w.l(entry8b.o)
    0x080002a0   0x080002a0   0x00000008   Code   RO         7567    .ARM.Collect$$$$0000000B  mc_w.l(entry9a.o)
    0x080002a8   0x080002a8   0x00000000   Code   RO         7569    .ARM.Collect$$$$0000000D  mc_w.l(entry10a.o)
    0x080002a8   0x080002a8   0x00000000   Code   RO         7571    .ARM.Collect$$$$0000000F  mc_w.l(entry11a.o)
    0x080002a8   0x080002a8   0x00000004   Code   RO         7560    .ARM.Collect$$$$00002712  mc_w.l(entry2.o)
    0x080002ac   0x080002ac   0x000000be   Code   RO         7469    .emb_text           port.o
    0x0800036a   0x0800036a   0x00000002   PAD
    0x0800036c   0x0800036c   0x00000024   Code   RO            4    .text               startup_stm32h743xx.o
    0x08000390   0x08000390   0x00000062   Code   RO         7549    .text               mc_w.l(uldiv.o)
    0x080003f2   0x080003f2   0x00000024   Code   RO         7551    .text               mc_w.l(memcpya.o)
    0x08000416   0x08000416   0x00000024   Code   RO         7555    .text               mc_w.l(memseta.o)
    0x0800043a   0x0800043a   0x0000001e   Code   RO         7573    .text               mc_w.l(llshl.o)
    0x08000458   0x08000458   0x00000020   Code   RO         7575    .text               mc_w.l(llushr.o)
    0x08000478   0x08000478   0x00000024   Code   RO         7577    .text               mc_w.l(init.o)
    0x0800049c   0x0800049c   0x00000002   Code   RO         1385    i.BusFault_Handler  stm32h7xx_it.o
    0x0800049e   0x0800049e   0x00000018   Code   RO          268    i.CH395CMDCheckExist  ch395.o
    0x080004b6   0x080004b6   0x00000020   Code   RO          270    i.CH395CMDGetGlobIntStatus_ALL  ch395.o
    0x080004d6   0x080004d6   0x00000010   Code   RO          272    i.CH395CMDGetPHYStatus  ch395.o
    0x080004e6   0x080004e6   0x00000024   Code   RO          277    i.CH395CMDInitCH395  ch395.o
    0x0800050a   0x0800050a   0x0000001e   Code   RO          279    i.CH395CMDSetGWIPAddr  ch395.o
    0x08000528   0x08000528   0x0000001e   Code   RO          280    i.CH395CMDSetIPAddr  ch395.o
    0x08000546   0x08000546   0x00000026   Code   RO          281    i.CH395CMDSetMACAddr  ch395.o
    0x0800056c   0x0800056c   0x0000001e   Code   RO          283    i.CH395CMDSetMASKAddr  ch395.o
    0x0800058a   0x0800058a   0x00000010   Code   RO          297    i.CH395GetCmdStatus  ch395.o
    0x0800059a   0x0800059a   0x0000003e   Code   RO          300    i.CH395GetRecvData  ch395.o
    0x080005d8   0x080005d8   0x00000022   Code   RO          301    i.CH395GetRecvLength  ch395.o
    0x080005fa   0x080005fa   0x0000001e   Code   RO          302    i.CH395GetSocketInt  ch395.o
    0x08000618   0x08000618   0x00000016   Code   RO          303    i.CH395GlobalInterrupt  ch395.o
    0x0800062e   0x0800062e   0x00000002   PAD
    0x08000630   0x08000630   0x00000040   Code   RO          304    i.CH395Init         ch395.o
    0x08000670   0x08000670   0x0000002c   Code   RO          305    i.CH395OpenSocket   ch395.o
    0x0800069c   0x0800069c   0x00000036   Code   RO          307    i.CH395SendData     ch395.o
    0x080006d2   0x080006d2   0x0000002e   Code   RO          308    i.CH395SetSocketDesIP  ch395.o
    0x08000700   0x08000700   0x00000022   Code   RO          309    i.CH395SetSocketDesPort  ch395.o
    0x08000722   0x08000722   0x0000001c   Code   RO          311    i.CH395SetSocketProtType  ch395.o
    0x0800073e   0x0800073e   0x00000022   Code   RO          314    i.CH395SetSocketSourPort  ch395.o
    0x08000760   0x08000760   0x00000064   Code   RO          317    i.CH395SocketInitOpen  ch395.o
    0x080007c4   0x080007c4   0x0000012c   Code   RO          318    i.CH395SocketInterrupt  ch395.o
    0x080008f0   0x080008f0   0x0000005c   Code   RO          324    i.CH395_Port_Init   ch395.o
    0x0800094c   0x0800094c   0x00000002   Code   RO         1386    i.DebugMon_Handler  stm32h7xx_it.o
    0x0800094e   0x0800094e   0x00000002   Code   RO          909    i.Error_Handler     main.o
    0x08000950   0x08000950   0x00000024   Code   RO         5880    i.HAL_Delay         stm32h7xx_hal.o
    0x08000974   0x08000974   0x000001fc   Code   RO         5019    i.HAL_GPIO_Init     stm32h7xx_hal_gpio.o
    0x08000b70   0x08000b70   0x0000000a   Code   RO         5021    i.HAL_GPIO_ReadPin  stm32h7xx_hal_gpio.o
    0x08000b7a   0x08000b7a   0x0000000e   Code   RO         5022    i.HAL_GPIO_TogglePin  stm32h7xx_hal_gpio.o
    0x08000b88   0x08000b88   0x0000000a   Code   RO         5023    i.HAL_GPIO_WritePin  stm32h7xx_hal_gpio.o
    0x08000b92   0x08000b92   0x00000002   PAD
    0x08000b94   0x08000b94   0x0000000c   Code   RO         5895    i.HAL_GetREVID      stm32h7xx_hal.o
    0x08000ba0   0x08000ba0   0x0000000c   Code   RO         5896    i.HAL_GetTick       stm32h7xx_hal.o
    0x08000bac   0x08000bac   0x00000058   Code   RO         2110    i.HAL_I2CEx_ConfigAnalogFilter  stm32h7xx_hal_i2c_ex.o
    0x08000c04   0x08000c04   0x00000054   Code   RO         2111    i.HAL_I2CEx_ConfigDigitalFilter  stm32h7xx_hal_i2c_ex.o
    0x08000c58   0x08000c58   0x000000b8   Code   RO         1664    i.HAL_I2C_Init      stm32h7xx_hal_i2c.o
    0x08000d10   0x08000d10   0x00000158   Code   RO         1685    i.HAL_I2C_Mem_Write  stm32h7xx_hal_i2c.o
    0x08000e68   0x08000e68   0x00000068   Code   RO         1170    i.HAL_I2C_MspInit   i2c.o
    0x08000ed0   0x08000ed0   0x00000010   Code   RO         5902    i.HAL_IncTick       stm32h7xx_hal.o
    0x08000ee0   0x08000ee0   0x00000058   Code   RO         5903    i.HAL_Init          stm32h7xx_hal.o
    0x08000f38   0x08000f38   0x00000074   Code   RO         1473    i.HAL_InitTick      stm32h7xx_hal_timebase_tim.o
    0x08000fac   0x08000fac   0x00000024   Code   RO         1449    i.HAL_MspInit       stm32h7xx_hal_msp.o
    0x08000fd0   0x08000fd0   0x0000001a   Code   RO         1518    i.HAL_NVIC_EnableIRQ  stm32h7xx_hal_cortex.o
    0x08000fea   0x08000fea   0x00000002   PAD
    0x08000fec   0x08000fec   0x00000040   Code   RO         1524    i.HAL_NVIC_SetPriority  stm32h7xx_hal_cortex.o
    0x0800102c   0x0800102c   0x00000024   Code   RO         1525    i.HAL_NVIC_SetPriorityGrouping  stm32h7xx_hal_cortex.o
    0x08001050   0x08001050   0x00000028   Code   RO         4171    i.HAL_PCDEx_ActivateLPM  stm32h7xx_hal_pcd_ex.o
    0x08001078   0x08001078   0x000000f2   Code   RO         3971    i.HAL_PCD_Init      stm32h7xx_hal_pcd.o
    0x0800116a   0x0800116a   0x00000002   PAD
    0x0800116c   0x0800116c   0x0000007c   Code   RO         1344    i.HAL_PCD_MspInit   usb_otg.o
    0x080011e8   0x080011e8   0x00000050   Code   RO         5620    i.HAL_PWREx_ConfigSupply  stm32h7xx_hal_pwr_ex.o
    0x08001238   0x08001238   0x00000010   Code   RO         5637    i.HAL_PWREx_EnableUSBVoltageDetector  stm32h7xx_hal_pwr_ex.o
    0x08001248   0x08001248   0x0000002c   Code   RO         4656    i.HAL_RCCEx_GetD1SysClockFreq  stm32h7xx_hal_rcc_ex.o
    0x08001274   0x08001274   0x00000024   Code   RO         4657    i.HAL_RCCEx_GetD3PCLK1Freq  stm32h7xx_hal_rcc_ex.o
    0x08001298   0x08001298   0x00000144   Code   RO         4659    i.HAL_RCCEx_GetPLL2ClockFreq  stm32h7xx_hal_rcc_ex.o
    0x080013dc   0x080013dc   0x00000144   Code   RO         4660    i.HAL_RCCEx_GetPLL3ClockFreq  stm32h7xx_hal_rcc_ex.o
    0x08001520   0x08001520   0x000008b6   Code   RO         4664    i.HAL_RCCEx_PeriphCLKConfig  stm32h7xx_hal_rcc_ex.o
    0x08001dd6   0x08001dd6   0x00000002   PAD
    0x08001dd8   0x08001dd8   0x00000244   Code   RO         4543    i.HAL_RCC_ClockConfig  stm32h7xx_hal_rcc.o
    0x0800201c   0x0800201c   0x0000005c   Code   RO         4547    i.HAL_RCC_GetClockConfig  stm32h7xx_hal_rcc.o
    0x08002078   0x08002078   0x0000002c   Code   RO         4548    i.HAL_RCC_GetHCLKFreq  stm32h7xx_hal_rcc.o
    0x080020a4   0x080020a4   0x00000024   Code   RO         4550    i.HAL_RCC_GetPCLK1Freq  stm32h7xx_hal_rcc.o
    0x080020c8   0x080020c8   0x00000024   Code   RO         4551    i.HAL_RCC_GetPCLK2Freq  stm32h7xx_hal_rcc.o
    0x080020ec   0x080020ec   0x00000138   Code   RO         4552    i.HAL_RCC_GetSysClockFreq  stm32h7xx_hal_rcc.o
    0x08002224   0x08002224   0x000004b6   Code   RO         4555    i.HAL_RCC_OscConfig  stm32h7xx_hal_rcc.o
    0x080026da   0x080026da   0x00000002   PAD
    0x080026dc   0x080026dc   0x00000140   Code   RO         2175    i.HAL_SPI_Init      stm32h7xx_hal_spi.o
    0x0800281c   0x0800281c   0x000000a8   Code   RO         1212    i.HAL_SPI_MspInit   spi.o
    0x080028c4   0x080028c4   0x00000228   Code   RO         2178    i.HAL_SPI_Receive   stm32h7xx_hal_spi.o
    0x08002aec   0x08002aec   0x0000022c   Code   RO         2183    i.HAL_SPI_Transmit  stm32h7xx_hal_spi.o
    0x08002d18   0x08002d18   0x00000322   Code   RO         2184    i.HAL_SPI_TransmitReceive  stm32h7xx_hal_spi.o
    0x0800303a   0x0800303a   0x00000002   Code   RO         3186    i.HAL_TIMEx_Break2Callback  stm32h7xx_hal_tim_ex.o
    0x0800303c   0x0800303c   0x00000002   Code   RO         3187    i.HAL_TIMEx_BreakCallback  stm32h7xx_hal_tim_ex.o
    0x0800303e   0x0800303e   0x00000002   Code   RO         3188    i.HAL_TIMEx_CommutCallback  stm32h7xx_hal_tim_ex.o
    0x08003040   0x08003040   0x00000060   Code   RO         3207    i.HAL_TIMEx_MasterConfigSynchronization  stm32h7xx_hal_tim_ex.o
    0x080030a0   0x080030a0   0x00000036   Code   RO         2489    i.HAL_TIM_Base_Init  stm32h7xx_hal_tim.o
    0x080030d6   0x080030d6   0x00000002   PAD
    0x080030d8   0x080030d8   0x00000028   Code   RO         1260    i.HAL_TIM_Base_MspInit  tim.o
    0x08003100   0x08003100   0x00000030   Code   RO         2492    i.HAL_TIM_Base_Start  stm32h7xx_hal_tim.o
    0x08003130   0x08003130   0x0000002c   Code   RO         2494    i.HAL_TIM_Base_Start_IT  stm32h7xx_hal_tim.o
    0x0800315c   0x0800315c   0x0000002c   Code   RO         2495    i.HAL_TIM_Base_Stop  stm32h7xx_hal_tim.o
    0x08003188   0x08003188   0x00000002   Code   RO         2520    i.HAL_TIM_IC_CaptureCallback  stm32h7xx_hal_tim.o
    0x0800318a   0x0800318a   0x00000182   Code   RO         2534    i.HAL_TIM_IRQHandler  stm32h7xx_hal_tim.o
    0x0800330c   0x0800330c   0x00000002   Code   RO         2537    i.HAL_TIM_OC_DelayElapsedCallback  stm32h7xx_hal_tim.o
    0x0800330e   0x0800330e   0x00000002   Code   RO         2564    i.HAL_TIM_PWM_PulseFinishedCallback  stm32h7xx_hal_tim.o
    0x08003310   0x08003310   0x00000014   Code   RO          910    i.HAL_TIM_PeriodElapsedCallback  main.o
    0x08003324   0x08003324   0x00000002   Code   RO         2577    i.HAL_TIM_TriggerCallback  stm32h7xx_hal_tim.o
    0x08003326   0x08003326   0x00000040   Code   RO         3857    i.HAL_UARTEx_DisableFifoMode  stm32h7xx_hal_uart_ex.o
    0x08003366   0x08003366   0x0000004c   Code   RO         3862    i.HAL_UARTEx_SetRxFifoThreshold  stm32h7xx_hal_uart_ex.o
    0x080033b2   0x080033b2   0x0000004c   Code   RO         3863    i.HAL_UARTEx_SetTxFifoThreshold  stm32h7xx_hal_uart_ex.o
    0x080033fe   0x080033fe   0x0000006a   Code   RO         3489    i.HAL_UART_Init     stm32h7xx_hal_uart.o
    0x08003468   0x08003468   0x00000068   Code   RO         1302    i.HAL_UART_MspInit  usart.o
    0x080034d0   0x080034d0   0x00000002   Code   RO         1387    i.HardFault_Handler  stm32h7xx_it.o
    0x080034d2   0x080034d2   0x00000022   Code   RO         1711    i.I2C_Flush_TXDR    stm32h7xx_hal_i2c.o
    0x080034f4   0x080034f4   0x00000088   Code   RO         1719    i.I2C_IsAcknowledgeFailed  stm32h7xx_hal_i2c.o
    0x0800357c   0x0800357c   0x00000064   Code   RO         1723    i.I2C_RequestMemoryWrite  stm32h7xx_hal_i2c.o
    0x080035e0   0x080035e0   0x0000002c   Code   RO         1726    i.I2C_TransferConfig  stm32h7xx_hal_i2c.o
    0x0800360c   0x0800360c   0x0000005a   Code   RO         1727    i.I2C_WaitOnFlagUntilTimeout  stm32h7xx_hal_i2c.o
    0x08003666   0x08003666   0x0000004e   Code   RO         1729    i.I2C_WaitOnSTOPFlagUntilTimeout  stm32h7xx_hal_i2c.o
    0x080036b4   0x080036b4   0x00000052   Code   RO         1730    i.I2C_WaitOnTXISFlagUntilTimeout  stm32h7xx_hal_i2c.o
    0x08003706   0x08003706   0x00000002   PAD
    0x08003708   0x08003708   0x00000048   Code   RO          325    i.InitSocketParam   ch395.o
    0x08003750   0x08003750   0x000000f8   Code   RO          326    i.IpTrans           ch395.o
    0x08003848   0x08003848   0x00000054   Code   RO         1074    i.MX_FREERTOS_Init  freertos.o
    0x0800389c   0x0800389c   0x0000021c   Code   RO         1038    i.MX_GPIO_Init      gpio.o
    0x08003ab8   0x08003ab8   0x00000058   Code   RO         1171    i.MX_I2C1_Init      i2c.o
    0x08003b10   0x08003b10   0x0000005c   Code   RO         1213    i.MX_SPI4_Init      spi.o
    0x08003b6c   0x08003b6c   0x0000005c   Code   RO         1214    i.MX_SPI5_Init      spi.o
    0x08003bc8   0x08003bc8   0x00000044   Code   RO         1261    i.MX_TIM7_Init      tim.o
    0x08003c0c   0x08003c0c   0x00000068   Code   RO         1303    i.MX_USART3_UART_Init  usart.o
    0x08003c74   0x08003c74   0x00000040   Code   RO         1345    i.MX_USB_OTG_FS_PCD_Init  usb_otg.o
    0x08003cb4   0x08003cb4   0x00000002   Code   RO         1388    i.MemManage_Handler  stm32h7xx_it.o
    0x08003cb6   0x08003cb6   0x00000002   Code   RO         1389    i.NMI_Handler       stm32h7xx_it.o
    0x08003cb8   0x08003cb8   0x00000048   Code   RO           13    i.NRF24L01_RX_Check  nrf24l01.o
    0x08003d00   0x08003d00   0x00000044   Code   RO           15    i.NRF24L01_RX_Read_Buf  nrf24l01.o
    0x08003d44   0x08003d44   0x0000004c   Code   RO           16    i.NRF24L01_RX_Read_Reg  nrf24l01.o
    0x08003d90   0x08003d90   0x00000050   Code   RO           17    i.NRF24L01_RX_Write_Buf  nrf24l01.o
    0x08003de0   0x08003de0   0x0000004c   Code   RO           18    i.NRF24L01_RX_Write_Reg  nrf24l01.o
    0x08003e2c   0x08003e2c   0x00000032   Code   RO           19    i.NRF24L01_RxPacket  nrf24l01.o
    0x08003e5e   0x08003e5e   0x00000002   PAD
    0x08003e60   0x08003e60   0x00000048   Code   RO           20    i.NRF24L01_TX_Check  nrf24l01.o
    0x08003ea8   0x08003ea8   0x00000044   Code   RO           22    i.NRF24L01_TX_Read_Buf  nrf24l01.o
    0x08003eec   0x08003eec   0x00000050   Code   RO           24    i.NRF24L01_TX_Write_Buf  nrf24l01.o
    0x08003f3c   0x08003f3c   0x0000004c   Code   RO           25    i.NRF24L01_TX_Write_Reg  nrf24l01.o
    0x08003f88   0x08003f88   0x00000030   Code   RO           26    i.NRF24L01_TxPacket  nrf24l01.o
    0x08003fb8   0x08003fb8   0x00000006   Code   RO          799    i.OLED_CLS          oled.o
    0x08003fbe   0x08003fbe   0x00000002   PAD
    0x08003fc0   0x08003fc0   0x00000038   Code   RO          801    i.OLED_Fill         oled.o
    0x08003ff8   0x08003ff8   0x000000b4   Code   RO          802    i.OLED_Init         oled.o
    0x080040ac   0x080040ac   0x00000018   Code   RO          804    i.OLED_ON           oled.o
    0x080040c4   0x080040c4   0x00000026   Code   RO          805    i.OLED_SetPos       oled.o
    0x080040ea   0x080040ea   0x00000002   PAD
    0x080040ec   0x080040ec   0x000000d8   Code   RO          809    i.OLED_ShowStr      oled.o
    0x080041c4   0x080041c4   0x0000000c   Code   RO          327    i.ParaIn            ch395.o
    0x080041d0   0x080041d0   0x00000120   Code   RO         4667    i.RCCEx_PLL2_Config  stm32h7xx_hal_rcc_ex.o
    0x080042f0   0x080042f0   0x00000120   Code   RO         4668    i.RCCEx_PLL3_Config  stm32h7xx_hal_rcc_ex.o
    0x08004410   0x08004410   0x00000078   Code   RO           27    i.RX_Mode           nrf24l01.o
    0x08004488   0x08004488   0x00000048   Code   RO         1075    i.RX_Task           freertos.o
    0x080044d0   0x080044d0   0x000000bc   Code   RO         2194    i.SPI_CloseTransfer  stm32h7xx_hal_spi.o
    0x0800458c   0x0800458c   0x00000042   Code   RO         2211    i.SPI_WaitOnFlagUntilTimeout  stm32h7xx_hal_spi.o
    0x080045ce   0x080045ce   0x00000002   PAD
    0x080045d0   0x080045d0   0x0000002c   Code   RO         1039    i.Set_Input         gpio.o
    0x080045fc   0x080045fc   0x0000002c   Code   RO         1040    i.Set_Output        gpio.o
    0x08004628   0x08004628   0x0000003c   Code   RO         1076    i.StartDefaultTask  freertos.o
    0x08004664   0x08004664   0x0000002c   Code   RO         7470    i.SysTick_Handler   port.o
    0x08004690   0x08004690   0x000000c0   Code   RO          911    i.SystemClock_Config  main.o
    0x08004750   0x08004750   0x0000009c   Code   RO         6282    i.SystemInit        system_stm32h7xx.o
    0x080047ec   0x080047ec   0x0000000c   Code   RO         1390    i.TIM1_UP_IRQHandler  stm32h7xx_it.o
    0x080047f8   0x080047f8   0x000000c4   Code   RO         2579    i.TIM_Base_SetConfig  stm32h7xx_hal_tim.o
    0x080048bc   0x080048bc   0x0000008c   Code   RO           28    i.TX_Mode           nrf24l01.o
    0x08004948   0x08004948   0x00000064   Code   RO         3867    i.UARTEx_SetNbDataToProcess  stm32h7xx_hal_uart_ex.o
    0x080049ac   0x080049ac   0x000000c8   Code   RO         3503    i.UART_AdvFeatureConfig  stm32h7xx_hal_uart.o
    0x08004a74   0x08004a74   0x0000005e   Code   RO         3504    i.UART_CheckIdleState  stm32h7xx_hal_uart.o
    0x08004ad2   0x08004ad2   0x00000002   PAD
    0x08004ad4   0x08004ad4   0x00000c10   Code   RO         3521    i.UART_SetConfig    stm32h7xx_hal_uart.o
    0x080056e4   0x080056e4   0x000000a4   Code   RO         3526    i.UART_WaitOnFlagUntilTimeout  stm32h7xx_hal_uart.o
    0x08005788   0x08005788   0x00000020   Code   RO         1077    i.UDP_REV_Task      freertos.o
    0x080057a8   0x080057a8   0x00000078   Code   RO         4247    i.USB_CoreInit      stm32h7xx_ll_usb.o
    0x08005820   0x08005820   0x00000038   Code   RO         4248    i.USB_CoreReset     stm32h7xx_ll_usb.o
    0x08005858   0x08005858   0x00000018   Code   RO         4253    i.USB_DevDisconnect  stm32h7xx_ll_usb.o
    0x08005870   0x08005870   0x00000188   Code   RO         4254    i.USB_DevInit       stm32h7xx_ll_usb.o
    0x080059f8   0x080059f8   0x0000000c   Code   RO         4255    i.USB_DisableGlobalInt  stm32h7xx_ll_usb.o
    0x08005a04   0x08005a04   0x00000020   Code   RO         4264    i.USB_FlushRxFifo   stm32h7xx_ll_usb.o
    0x08005a24   0x08005a24   0x00000024   Code   RO         4265    i.USB_FlushTxFifo   stm32h7xx_ll_usb.o
    0x08005a48   0x08005a48   0x0000002e   Code   RO         4283    i.USB_SetCurrentMode  stm32h7xx_ll_usb.o
    0x08005a76   0x08005a76   0x00000002   Code   RO         1391    i.UsageFault_Handler  stm32h7xx_it.o
    0x08005a78   0x08005a78   0x00000024   Code   RO          810    i.WriteCmd          oled.o
    0x08005a9c   0x08005a9c   0x00000024   Code   RO          811    i.WriteDat          oled.o
    0x08005ac0   0x08005ac0   0x00000022   Code   RO         1531    i.__NVIC_SetPriority  stm32h7xx_hal_cortex.o
    0x08005ae2   0x08005ae2   0x0000000e   Code   RO         7581    i.__scatterload_copy  mc_w.l(handlers.o)
    0x08005af0   0x08005af0   0x00000002   Code   RO         7582    i.__scatterload_null  mc_w.l(handlers.o)
    0x08005af2   0x08005af2   0x0000000e   Code   RO         7583    i.__scatterload_zeroinit  mc_w.l(handlers.o)
    0x08005b00   0x08005b00   0x00000030   Code   RO          912    i.delay_us          main.o
    0x08005b30   0x08005b30   0x00000024   Code   RO          329    i.mStopIfError      ch395.o
    0x08005b54   0x08005b54   0x000000d4   Code   RO          913    i.main              main.o
    0x08005c28   0x08005c28   0x0000000e   Code   RO         7041    i.makeFreeRtosPriority  cmsis_os.o
    0x08005c36   0x08005c36   0x0000000e   Code   RO         7043    i.osDelay           cmsis_os.o
    0x08005c44   0x08005c44   0x0000000a   Code   RO         7046    i.osKernelStart     cmsis_os.o
    0x08005c4e   0x08005c4e   0x0000002e   Code   RO         7080    i.osThreadCreate    cmsis_os.o
    0x08005c7c   0x08005c7c   0x00000070   Code   RO         6744    i.prvAddCurrentTaskToDelayedList  tasks.o
    0x08005cec   0x08005cec   0x000000d0   Code   RO         6745    i.prvAddNewTaskToReadyList  tasks.o
    0x08005dbc   0x08005dbc   0x00000014   Code   RO         6746    i.prvDeleteTCB      tasks.o
    0x08005dd0   0x08005dd0   0x00000050   Code   RO         7408    i.prvHeapInit       heap_4.o
    0x08005e20   0x08005e20   0x00000060   Code   RO         6747    i.prvIdleTask       tasks.o
    0x08005e80   0x08005e80   0x0000008e   Code   RO         6748    i.prvInitialiseNewTask  tasks.o
    0x08005f0e   0x08005f0e   0x00000002   PAD
    0x08005f10   0x08005f10   0x0000004c   Code   RO         7409    i.prvInsertBlockIntoFreeList  heap_4.o
    0x08005f5c   0x08005f5c   0x00000020   Code   RO         6749    i.prvResetNextTaskUnblockTime  tasks.o
    0x08005f7c   0x08005f7c   0x00000028   Code   RO         7471    i.prvTaskExitError  port.o
    0x08005fa4   0x08005fa4   0x000000d8   Code   RO         7410    i.pvPortMalloc      heap_4.o
    0x0800607c   0x0800607c   0x00000030   Code   RO         7472    i.pxPortInitialiseStack  port.o
    0x080060ac   0x080060ac   0x00000026   Code   RO         6417    i.uxListRemove      list.o
    0x080060d2   0x080060d2   0x00000016   Code   RO         6418    i.vListInitialise   list.o
    0x080060e8   0x080060e8   0x00000006   Code   RO         6419    i.vListInitialiseItem  list.o
    0x080060ee   0x080060ee   0x00000030   Code   RO         6420    i.vListInsert       list.o
    0x0800611e   0x0800611e   0x00000018   Code   RO         6421    i.vListInsertEnd    list.o
    0x08006136   0x08006136   0x00000002   PAD
    0x08006138   0x08006138   0x00000040   Code   RO         7474    i.vPortEnterCritical  port.o
    0x08006178   0x08006178   0x00000028   Code   RO         7475    i.vPortExitCritical  port.o
    0x080061a0   0x080061a0   0x0000005c   Code   RO         7411    i.vPortFree         heap_4.o
    0x080061fc   0x080061fc   0x00000024   Code   RO         7476    i.vPortSetupTimerInterrupt  port.o
    0x08006220   0x08006220   0x0000004c   Code   RO         6757    i.vTaskDelay        tasks.o
    0x0800626c   0x0800626c   0x00000068   Code   RO         6770    i.vTaskStartScheduler  tasks.o
    0x080062d4   0x080062d4   0x00000010   Code   RO         6772    i.vTaskSuspendAll   tasks.o
    0x080062e4   0x080062e4   0x0000005c   Code   RO         6773    i.vTaskSwitchContext  tasks.o
    0x08006340   0x08006340   0x000000f4   Code   RO         7478    i.xPortStartScheduler  port.o
    0x08006434   0x08006434   0x0000006c   Code   RO          330    i.xReadCH395Data    ch395.o
    0x080064a0   0x080064a0   0x00000056   Code   RO         6775    i.xTaskCreate       tasks.o
    0x080064f6   0x080064f6   0x00000002   PAD
    0x080064f8   0x080064f8   0x000000c8   Code   RO         6782    i.xTaskIncrementTick  tasks.o
    0x080065c0   0x080065c0   0x000000c4   Code   RO         6788    i.xTaskResumeAll    tasks.o
    0x08006684   0x08006684   0x00000074   Code   RO          331    i.xWriteCH395Cmd    ch395.o
    0x080066f8   0x080066f8   0x00000068   Code   RO          332    i.xWriteCH395Data   ch395.o
    0x08006760   0x08006760   0x0000000a   Data   RO           29    .constdata          nrf24l01.o
    0x0800676a   0x0800676a   0x00000818   Data   RO          813    .constdata          oled.o
    0x08006f82   0x08006f82   0x00000002   PAD
    0x08006f84   0x08006f84   0x0000003c   Data   RO         1078    .constdata          freertos.o
    0x08006fc0   0x08006fc0   0x00000010   Data   RO         6283    .constdata          system_stm32h7xx.o
    0x08006fd0   0x08006fd0   0x00000020   Data   RO         1079    .conststring        freertos.o
    0x08006ff0   0x08006ff0   0x00000020   Data   RO         7579    Region$$Table       anon$$obj.o


    Execution Region RW_IRAM1 (Exec base: 0x20000000, Load base: 0x08007010, Size: 0x00007cd0, Max: 0x00020000, ABSOLUTE)

    Exec Addr    Load Addr    Size         Type   Attr      Idx    E Section Name        Object

    0x20000000   0x08007010   0x00000001   Data   RW           33    .data               nrf24l01.o
    0x20000001   0x08007011   0x00000001   PAD
    0x20000002   0x08007012   0x00000050   Data   RW          334    .data               ch395.o
    0x20000052   0x08007062   0x00000001   Data   RW          916    .data               main.o
    0x20000053   0x08007063   0x00000001   Data   RW          917    .data               main.o
    0x20000054   0x08007064   0x00000001   Data   RW          919    .data               main.o
    0x20000055   0x08007065   0x00000001   Data   RW          920    .data               main.o
    0x20000056   0x08007066   0x00000002   PAD
    0x20000058   0x08007068   0x00000004   Data   RW         1080    .data               freertos.o
    0x2000005c   0x0800706c   0x0000000c   Data   RW         5925    .data               stm32h7xx_hal.o
    0x20000068   0x08007078   0x00000008   Data   RW         6284    .data               system_stm32h7xx.o
    0x20000070   0x08007080   0x0000003c   Data   RW         6791    .data               tasks.o
    0x200000ac   0x080070bc   0x00000018   Data   RW         7416    .data               heap_4.o
    0x200000c4   0x080070d4   0x0000000c   Data   RW         7479    .data               port.o
    0x200000d0        -       0x00002000   Zero   RW          333    .bss                ch395.o
    0x200020d0        -       0x00000019   Zero   RW          914    .bss                main.o
    0x200020e9   0x080070e0   0x00000003   PAD
    0x200020ec        -       0x00000080   Zero   RW          915    .bss                main.o
    0x2000216c        -       0x0000004c   Zero   RW         1172    .bss                i2c.o
    0x200021b8        -       0x00000110   Zero   RW         1215    .bss                spi.o
    0x200022c8        -       0x00000040   Zero   RW         1262    .bss                tim.o
    0x20002308        -       0x0000008c   Zero   RW         1304    .bss                usart.o
    0x20002394        -       0x00000408   Zero   RW         1346    .bss                usb_otg.o
    0x2000279c        -       0x00000040   Zero   RW         1476    .bss                stm32h7xx_hal_timebase_tim.o
    0x200027dc        -       0x000000f0   Zero   RW         6790    .bss                tasks.o
    0x200028cc        -       0x00005000   Zero   RW         7415    .bss                heap_4.o
    0x200078cc   0x080070e0   0x00000004   PAD
    0x200078d0        -       0x00000400   Zero   RW            1    STACK               startup_stm32h743xx.o


==============================================================================

Image component sizes


      Code (inc. data)   RO Data    RW Data    ZI Data      Debug   Object Name

      1892        108          0         80       8192    1046998   ch395.o
        84          0          0          0          0      12777   cmsis_os.o
         0          0          0          0          0       9540   event_groups.o
       248         42         92          4          0      21276   freertos.o
       628         44          0          0          0       2372   gpio.o
       464         24          0         24      20480       7423   heap_4.o
       192         24          0          0         76       1721   i2c.o
       138          0          0          0          0       3630   list.o
       474         36          0          4        153      22497   main.o
      1026        126         10          1          0    1299865   nrf24l01.o
       592         20       2072          0          0       5696   oled.o
       706         74          0         12          0      11236   port.o
       352         36          0          0        272       2442   spi.o
        36          8        664          0       1024        848   startup_stm32h743xx.o
       164         34          0         12          0      22273   stm32h7xx_hal.o
       160         12          0          0          0      38258   stm32h7xx_hal_cortex.o
       542         50          0          0          0       3924   stm32h7xx_hal_gpio.o
      1092         22          0          0          0       9707   stm32h7xx_hal_i2c.o
       172          0          0          0          0       2003   stm32h7xx_hal_i2c_ex.o
        36          4          0          0          0        822   stm32h7xx_hal_msp.o
       242          0          0          0          0       1799   stm32h7xx_hal_pcd.o
        40          6          0          0          0       1154   stm32h7xx_hal_pcd_ex.o
        96          8          0          0          0       1398   stm32h7xx_hal_pwr_ex.o
      2306        106          0          0          0       7529   stm32h7xx_hal_rcc.o
      3534        126          0          0          0       8487   stm32h7xx_hal_rcc_ex.o
      2484         12          0          0          0       8354   stm32h7xx_hal_spi.o
       780         44          0          0          0       8182   stm32h7xx_hal_tim.o
       102          8          0          0          0       3116   stm32h7xx_hal_tim_ex.o
       116         16          0          0         64       1439   stm32h7xx_hal_timebase_tim.o
      3652        116          0          0          0       7377   stm32h7xx_hal_uart.o
       316         18          0          0          0       3745   stm32h7xx_hal_uart_ex.o
        24          6          0          0          0       3286   stm32h7xx_it.o
       718         38          0          0          0       7216   stm32h7xx_ll_usb.o
       156         22         16          8          0       1402   system_stm32h7xx.o
      1380        108          0         60        240      15190   tasks.o
       108         18          0          0         64       1586   tim.o
       208         22          0          0        140       1766   usart.o
       188         24          0          0       1032       1785   usb_otg.o

    ----------------------------------------------------------------------
     25482       1362       2888        208      31744    2610119   Object Totals
         0          0         32          0          0          0   (incl. Generated)
        34          0          2          3          7          0   (incl. Padding)

    ----------------------------------------------------------------------

      Code (inc. data)   RO Data    RW Data    ZI Data      Debug   Library Member Name

         0          0          0          0          0          0   entry.o
         0          0          0          0          0          0   entry10a.o
         0          0          0          0          0          0   entry11a.o
         8          4          0          0          0          0   entry2.o
         4          0          0          0          0          0   entry5.o
         0          0          0          0          0          0   entry7b.o
         0          0          0          0          0          0   entry8b.o
         8          4          0          0          0          0   entry9a.o
        30          0          0          0          0          0   handlers.o
        36          8          0          0          0         68   init.o
        30          0          0          0          0         68   llshl.o
        32          0          0          0          0         68   llushr.o
        36          0          0          0          0         68   memcpya.o
        36          0          0          0          0        108   memseta.o
        98          0          0          0          0         92   uldiv.o

    ----------------------------------------------------------------------
       318         16          0          0          0        472   Library Totals
         0          0          0          0          0          0   (incl. Padding)

    ----------------------------------------------------------------------

      Code (inc. data)   RO Data    RW Data    ZI Data      Debug   Library Name

       318         16          0          0          0        472   mc_w.l

    ----------------------------------------------------------------------
       318         16          0          0          0        472   Library Totals

    ----------------------------------------------------------------------

==============================================================================


      Code (inc. data)   RO Data    RW Data    ZI Data      Debug   

     25800       1378       2888        208      31744    2591839   Grand Totals
     25800       1378       2888        208      31744    2591839   ELF Image Totals
     25800       1378       2888        208          0          0   ROM Totals

==============================================================================

    Total RO  Size (Code + RO Data)                28688 (  28.02kB)
    Total RW  Size (RW Data + ZI Data)             31952 (  31.20kB)
    Total ROM Size (Code + RO Data + RW Data)      28896 (  28.22kB)

==============================================================================

